Component: ARM Compiler 5.06 update 6 (build 750) Tool: armlink [4d35ed]

==============================================================================

Section Cross References

    startup_stm32f429_439xx.o(STACK) refers (Special) to heapauxi.o(.text) for __use_two_region_memory
    startup_stm32f429_439xx.o(HEAP) refers (Special) to heapauxi.o(.text) for __use_two_region_memory
    startup_stm32f429_439xx.o(RESET) refers (Special) to heapauxi.o(.text) for __use_two_region_memory
    startup_stm32f429_439xx.o(RESET) refers to startup_stm32f429_439xx.o(STACK) for __initial_sp
    startup_stm32f429_439xx.o(RESET) refers to startup_stm32f429_439xx.o(.text) for Reset_Handler
    startup_stm32f429_439xx.o(RESET) refers to stm32f4xx_it.o(i.NMI_Handler) for NMI_Handler
    startup_stm32f429_439xx.o(RESET) refers to stm32f4xx_it.o(i.HardFault_Handler) for HardFault_Handler
    startup_stm32f429_439xx.o(RESET) refers to stm32f4xx_it.o(i.MemManage_Handler) for MemManage_Handler
    startup_stm32f429_439xx.o(RESET) refers to stm32f4xx_it.o(i.BusFault_Handler) for BusFault_Handler
    startup_stm32f429_439xx.o(RESET) refers to stm32f4xx_it.o(i.UsageFault_Handler) for UsageFault_Handler
    startup_stm32f429_439xx.o(RESET) refers to stm32f4xx_it.o(i.SVC_Handler) for SVC_Handler
    startup_stm32f429_439xx.o(RESET) refers to stm32f4xx_it.o(i.DebugMon_Handler) for DebugMon_Handler
    startup_stm32f429_439xx.o(RESET) refers to stm32f4xx_it.o(i.PendSV_Handler) for PendSV_Handler
    startup_stm32f429_439xx.o(RESET) refers to stm32f4xx_it.o(i.SysTick_Handler) for SysTick_Handler
    startup_stm32f429_439xx.o(RESET) refers to sys_timer.o(i.TIM2_IRQHandler) for TIM2_IRQHandler
    startup_stm32f429_439xx.o(.text) refers (Special) to heapauxi.o(.text) for __use_two_region_memory
    startup_stm32f429_439xx.o(.text) refers to system_stm32f4xx.o(i.SystemInit) for SystemInit
    startup_stm32f429_439xx.o(.text) refers to __main.o(!!!main) for __main
    startup_stm32f429_439xx.o(.text) refers to startup_stm32f429_439xx.o(HEAP) for Heap_Mem
    startup_stm32f429_439xx.o(.text) refers to startup_stm32f429_439xx.o(STACK) for Stack_Mem
    system_stm32f4xx.o(i.SystemCoreClockUpdate) refers to system_stm32f4xx.o(.data) for SystemCoreClock
    system_stm32f4xx.o(i.SystemInit) refers to system_stm32f4xx.o(i.SetSysClock) for SetSysClock
    stm32f4xx_adc.o(i.ADC_DeInit) refers to stm32f4xx_rcc.o(i.RCC_APB2PeriphResetCmd) for RCC_APB2PeriphResetCmd
    stm32f4xx_can.o(i.CAN_DeInit) refers to stm32f4xx_rcc.o(i.RCC_APB1PeriphResetCmd) for RCC_APB1PeriphResetCmd
    stm32f4xx_can.o(i.CAN_GetITStatus) refers to stm32f4xx_can.o(i.CheckITStatus) for CheckITStatus
    stm32f4xx_cryp.o(i.CRYP_DeInit) refers to stm32f4xx_rcc.o(i.RCC_AHB2PeriphResetCmd) for RCC_AHB2PeriphResetCmd
    stm32f4xx_cryp_aes.o(i.CRYP_AES_CBC) refers to stm32f4xx_cryp.o(i.CRYP_KeyStructInit) for CRYP_KeyStructInit
    stm32f4xx_cryp_aes.o(i.CRYP_AES_CBC) refers to stm32f4xx_cryp.o(i.CRYP_FIFOFlush) for CRYP_FIFOFlush
    stm32f4xx_cryp_aes.o(i.CRYP_AES_CBC) refers to stm32f4xx_cryp.o(i.CRYP_Init) for CRYP_Init
    stm32f4xx_cryp_aes.o(i.CRYP_AES_CBC) refers to stm32f4xx_cryp.o(i.CRYP_KeyInit) for CRYP_KeyInit
    stm32f4xx_cryp_aes.o(i.CRYP_AES_CBC) refers to stm32f4xx_cryp.o(i.CRYP_Cmd) for CRYP_Cmd
    stm32f4xx_cryp_aes.o(i.CRYP_AES_CBC) refers to stm32f4xx_cryp.o(i.CRYP_GetFlagStatus) for CRYP_GetFlagStatus
    stm32f4xx_cryp_aes.o(i.CRYP_AES_CBC) refers to stm32f4xx_cryp.o(i.CRYP_IVInit) for CRYP_IVInit
    stm32f4xx_cryp_aes.o(i.CRYP_AES_CBC) refers to stm32f4xx_cryp.o(i.CRYP_GetCmdStatus) for CRYP_GetCmdStatus
    stm32f4xx_cryp_aes.o(i.CRYP_AES_CBC) refers to stm32f4xx_cryp.o(i.CRYP_DataIn) for CRYP_DataIn
    stm32f4xx_cryp_aes.o(i.CRYP_AES_CBC) refers to stm32f4xx_cryp.o(i.CRYP_DataOut) for CRYP_DataOut
    stm32f4xx_cryp_aes.o(i.CRYP_AES_CCM) refers to stm32f4xx_cryp.o(i.CRYP_KeyStructInit) for CRYP_KeyStructInit
    stm32f4xx_cryp_aes.o(i.CRYP_AES_CCM) refers to stm32f4xx_cryp.o(i.CRYP_FIFOFlush) for CRYP_FIFOFlush
    stm32f4xx_cryp_aes.o(i.CRYP_AES_CCM) refers to stm32f4xx_cryp.o(i.CRYP_KeyInit) for CRYP_KeyInit
    stm32f4xx_cryp_aes.o(i.CRYP_AES_CCM) refers to stm32f4xx_cryp.o(i.CRYP_IVInit) for CRYP_IVInit
    stm32f4xx_cryp_aes.o(i.CRYP_AES_CCM) refers to stm32f4xx_cryp.o(i.CRYP_Init) for CRYP_Init
    stm32f4xx_cryp_aes.o(i.CRYP_AES_CCM) refers to stm32f4xx_cryp.o(i.CRYP_PhaseConfig) for CRYP_PhaseConfig
    stm32f4xx_cryp_aes.o(i.CRYP_AES_CCM) refers to stm32f4xx_cryp.o(i.CRYP_DataIn) for CRYP_DataIn
    stm32f4xx_cryp_aes.o(i.CRYP_AES_CCM) refers to stm32f4xx_cryp.o(i.CRYP_Cmd) for CRYP_Cmd
    stm32f4xx_cryp_aes.o(i.CRYP_AES_CCM) refers to stm32f4xx_cryp.o(i.CRYP_GetCmdStatus) for CRYP_GetCmdStatus
    stm32f4xx_cryp_aes.o(i.CRYP_AES_CCM) refers to stm32f4xx_cryp.o(i.CRYP_GetFlagStatus) for CRYP_GetFlagStatus
    stm32f4xx_cryp_aes.o(i.CRYP_AES_CCM) refers to stm32f4xx_cryp.o(i.CRYP_DataOut) for CRYP_DataOut
[...]
    .ARM.Collect$$libinit$$0000000A          0x080002b6   Section        0  libinit2.o(.ARM.Collect$$libinit$$0000000A)
    .ARM.Collect$$libinit$$0000000C          0x080002b6   Section        0  libinit2.o(.ARM.Collect$$libinit$$0000000C)
    .ARM.Collect$$libinit$$0000000E          0x080002b6   Section        0  libinit2.o(.ARM.Collect$$libinit$$0000000E)
    .ARM.Collect$$libinit$$0000000F          0x080002b6   Section        6  libinit2.o(.ARM.Collect$$libinit$$0000000F)
    .ARM.Collect$$libinit$$00000011          0x080002bc   Section        0  libinit2.o(.ARM.Collect$$libinit$$00000011)
    .ARM.Collect$$libinit$$00000012          0x080002bc   Section       12  libinit2.o(.ARM.Collect$$libinit$$00000012)
    .ARM.Collect$$libinit$$00000013          0x080002c8   Section        0  libinit2.o(.ARM.Collect$$libinit$$00000013)
    .ARM.Collect$$libinit$$00000015          0x080002c8   Section        0  libinit2.o(.ARM.Collect$$libinit$$00000015)
    .ARM.Collect$$libinit$$00000016          0x080002c8   Section       10  libinit2.o(.ARM.Collect$$libinit$$00000016)
    .ARM.Collect$$libinit$$00000017          0x080002d2   Section        0  libinit2.o(.ARM.Collect$$libinit$$00000017)
    .ARM.Collect$$libinit$$00000019          0x080002d2   Section        0  libinit2.o(.ARM.Collect$$libinit$$00000019)
    .ARM.Collect$$libinit$$0000001B          0x080002d2   Section        0  libinit2.o(.ARM.Collect$$libinit$$0000001B)
    .ARM.Collect$$libinit$$0000001D          0x080002d2   Section        0  libinit2.o(.ARM.Collect$$libinit$$0000001D)
    .ARM.Collect$$libinit$$0000001F          0x080002d2   Section        0  libinit2.o(.ARM.Collect$$libinit$$0000001F)
    .ARM.Collect$$libinit$$00000021          0x080002d2   Section        0  libinit2.o(.ARM.Collect$$libinit$$00000021)
    .ARM.Collect$$libinit$$00000023          0x080002d2   Section        0  libinit2.o(.ARM.Collect$$libinit$$00000023)
    .ARM.Collect$$libinit$$00000025          0x080002d2   Section        0  libinit2.o(.ARM.Collect$$libinit$$00000025)
    .ARM.Collect$$libinit$$0000002C          0x080002d2   Section        0  libinit2.o(.ARM.Collect$$libinit$$0000002C)
    .ARM.Collect$$libinit$$0000002E          0x080002d2   Section        0  libinit2.o(.ARM.Collect$$libinit$$0000002E)
    .ARM.Collect$$libinit$$00000030          0x080002d2   Section        0  libinit2.o(.ARM.Collect$$libinit$$00000030)
    .ARM.Collect$$libinit$$00000032          0x080002d2   Section        0  libinit2.o(.ARM.Collect$$libinit$$00000032)
    .ARM.Collect$$libinit$$00000033          0x080002d2   Section        2  libinit2.o(.ARM.Collect$$libinit$$00000033)
    .ARM.Collect$$libshutdown$$00000000      0x080002d4   Section        2  libshutdown.o(.ARM.Collect$$libshutdown$$00000000)
    .ARM.Collect$$libshutdown$$00000002      0x080002d6   Section        0  libshutdown2.o(.ARM.Collect$$libshutdown$$00000002)
    .ARM.Collect$$libshutdown$$00000004      0x080002d6   Section        0  libshutdown2.o(.ARM.Collect$$libshutdown$$00000004)
    .ARM.Collect$$libshutdown$$00000007      0x080002d6   Section        0  libshutdown2.o(.ARM.Collect$$libshutdown$$00000007)
    .ARM.Collect$$libshutdown$$0000000A      0x080002d6   Section        0  libshutdown2.o(.ARM.Collect$$libshutdown$$0000000A)
    .ARM.Collect$$libshutdown$$0000000C      0x080002d6   Section        0  libshutdown2.o(.ARM.Collect$$libshutdown$$0000000C)
    .ARM.Collect$$libshutdown$$0000000F      0x080002d6   Section        0  libshutdown2.o(.ARM.Collect$$libshutdown$$0000000F)
    .ARM.Collect$$libshutdown$$00000010      0x080002d6   Section        2  libshutdown2.o(.ARM.Collect$$libshutdown$$00000010)
    .ARM.Collect$$rtentry$$00000000          0x080002d8   Section        0  __rtentry.o(.ARM.Collect$$rtentry$$00000000)
    .ARM.Collect$$rtentry$$00000002          0x080002d8   Section        0  __rtentry2.o(.ARM.Collect$$rtentry$$00000002)
    .ARM.Collect$$rtentry$$00000004          0x080002d8   Section        6  __rtentry4.o(.ARM.Collect$$rtentry$$00000004)
    .ARM.Collect$$rtentry$$00000009          0x080002de   Section        0  __rtentry2.o(.ARM.Collect$$rtentry$$00000009)
    .ARM.Collect$$rtentry$$0000000A          0x080002de   Section        4  __rtentry2.o(.ARM.Collect$$rtentry$$0000000A)
    .ARM.Collect$$rtentry$$0000000C          0x080002e2   Section        0  __rtentry2.o(.ARM.Collect$$rtentry$$0000000C)
    .ARM.Collect$$rtentry$$0000000D          0x080002e2   Section        8  __rtentry2.o(.ARM.Collect$$rtentry$$0000000D)
    .ARM.Collect$$rtexit$$00000000           0x080002ea   Section        2  rtexit.o(.ARM.Collect$$rtexit$$00000000)
    .ARM.Collect$$rtexit$$00000002           0x080002ec   Section        0  rtexit2.o(.ARM.Collect$$rtexit$$00000002)
    .ARM.Collect$$rtexit$$00000003           0x080002ec   Section        4  rtexit2.o(.ARM.Collect$$rtexit$$00000003)
    .ARM.Collect$$rtexit$$00000004           0x080002f0   Section        6  rtexit2.o(.ARM.Collect$$rtexit$$00000004)
    .text                                    0x080002f8   Section       64  startup_stm32f429_439xx.o(.text)
    $v0                                      0x080002f8   Number         0  startup_stm32f429_439xx.o(.text)
    .text                                    0x08000338   Section        0  vsnprintf.o(.text)
    .text                                    0x0800036c   Section        0  __2sprintf.o(.text)
    .text                                    0x08000398   Section        0  _printf_str.o(.text)
    .text                                    0x080003ec   Section        0  _printf_dec.o(.text)
    .text                                    0x08000464   Section        0  __printf_flags_ss_wp.o(.text)
    .text                                    0x080005ec   Section        0  strcpy.o(.text)
    .text                                    0x08000634   Section       78  rt_memclr_w.o(.text)
    .text                                    0x08000684   Section      128  strcmpv7m.o(.text)
    .text                                    0x08000704   Section        0  heapauxi.o(.text)
    .text                                    0x0800070a   Section        0  _printf_pad.o(.text)
    .text                                    0x08000758   Section        0  _printf_truncate.o(.text)
    .text                                    0x0800077c   Section        0  _printf_intcommon.o(.text)
    .text                                    0x0800082e   Section        0  _printf_charcount.o(.text)
    .text                                    0x08000858   Section        0  _printf_char_common.o(.text)
    _printf_input_char                       0x08000859   Thumb Code    10  _printf_char_common.o(.text)
    .text                                    0x08000888   Section        0  _sputc.o(.text)
    .text                                    0x08000892   Section        0  _snputc.o(.text)
    .text                                    0x080008a2   Section        0  _printf_char.o(.text)
    .text                                    0x080008d0   Section        0  _printf_wctomb.o(.text)
    .text                                    0x0800098c   Section        0  _printf_longlong_dec.o(.text)
    .text                                    0x08000a08   Section        0  _printf_oct_int_ll.o(.text)
    _printf_longlong_oct_internal            0x08000a09   Thumb Code     0  _printf_oct_int_ll.o(.text)
    .text                                    0x08000a78   Section        0  _printf_hex_int_ll_ptr.o(.text)
    _printf_hex_common                       0x08000a79   Thumb Code     0  _printf_hex_int_ll_ptr.o(.text)
    .text                                    0x08000b0c   Section      138  lludiv10.o(.text)
    .text                                    0x08000b96   Section        0  _printf_fp_dec.o(.text)
    _fp_digits                               0x08000b99   Thumb Code   432  _printf_fp_dec.o(.text)
    .text                                    0x08000fb4   Section        0  _printf_fp_hex.o(.text)
    .text                                    0x080012b0   Section        0  _printf_wchar.o(.text)
    .text                                    0x080012dc   Section        0  _wcrtomb.o(.text)
    .text                                    0x0800131c   Section       74  sys_stackheap_outer.o(.text)
    .text                                    0x08001368   Section       16  rt_ctype_table.o(.text)
    .text                                    0x08001378   Section        8  rt_locale_intlibspace.o(.text)
    .text                                    0x08001380   Section        0  _printf_fp_infnan.o(.text)
    .text                                    0x08001400   Section        0  bigflt0.o(.text)
    .text                                    0x080014e4   Section        0  exit.o(.text)
    .text                                    0x080014f8   Section        8  libspace.o(.text)
    .text                                    0x08001500   Section        0  sys_exit.o(.text)
    .text                                    0x0800150c   Section        2  use_no_semi.o(.text)
    .text                                    0x0800150e   Section        0  indicate_semi.o(.text)
    CL$$btod_d2e                             0x0800150e   Section       62  btod.o(CL$$btod_d2e)
    CL$$btod_d2e_denorm_low                  0x0800154c   Section       70  btod.o(CL$$btod_d2e_denorm_low)
    CL$$btod_d2e_norm_op1                    0x08001592   Section       96  btod.o(CL$$btod_d2e_norm_op1)
    CL$$btod_div_common                      0x080015f2   Section      824  btod.o(CL$$btod_div_common)
    CL$$btod_e2e                             0x0800192a   Section      220  btod.o(CL$$btod_e2e)
    CL$$btod_ediv                            0x08001a06   Section       42  btod.o(CL$$btod_ediv)
    CL$$btod_emul                            0x08001a30   Section       42  btod.o(CL$$btod_emul)
    CL$$btod_mult_common                     0x08001a5a   Section      580  btod.o(CL$$btod_mult_common)
    i.BusFault_Handler                       0x08001c9e   Section        0  stm32f4xx_it.o(i.BusFault_Handler)
    i.DebugMon_Handler                       0x08001ca2   Section        0  stm32f4xx_it.o(i.DebugMon_Handler)
    i.DelayInit                              0x08001ca4   Section        0  delay.o(i.DelayInit)
    DelayInit                                0x08001ca5   Thumb Code   110  delay.o(i.DelayInit)
    i.Delay_Ms                               0x08001d24   Section        0  delay.o(i.Delay_Ms)
    i.FactoryResetCallback                   0x08001d4c   Section        0  main.o(i.FactoryResetCallback)
    i.GPIO_Init                              0x08001d6c   Section        0  stm32f4xx_gpio.o(i.GPIO_Init)
    i.GPIO_ReadInputDataBit                  0x08001dfc   Section        0  stm32f4xx_gpio.o(i.GPIO_ReadInputDataBit)
    i.GPIO_ResetBits                         0x08001e0e   Section        0  stm32f4xx_gpio.o(i.GPIO_ResetBits)
    i.GPIO_SetBits                           0x08001e12   Section        0  stm32f4xx_gpio.o(i.GPIO_SetBits)
    i.GPIO_ToggleBits                        0x08001e16   Section        0  stm32f4xx_gpio.o(i.GPIO_ToggleBits)
    i.HardFault_Handler                      0x08001e1e   Section        0  stm32f4xx_it.o(i.HardFault_Handler)
    i.LoadSysInfor                           0x08001e22   Section        0  sys_config.o(i.LoadSysInfor)
    i.MemManage_Handler                      0x08001e2e   Section        0  stm32f4xx_it.o(i.MemManage_Handler)
    i.NMI_Handler                            0x08001e32   Section        0  stm32f4xx_it.o(i.NMI_Handler)
    i.NVIC_Init                              0x08001e34   Section        0  misc.o(i.NVIC_Init)
    i.NVIC_PriorityGroupConfig               0x08001eac   Section        0  misc.o(i.NVIC_PriorityGroupConfig)
    i.PendSV_Handler                         0x08001ec0   Section        0  stm32f4xx_it.o(i.PendSV_Handler)
    i.RCC_AHB1PeriphClockCmd                 0x08001ec4   Section        0  stm32f4xx_rcc.o(i.RCC_AHB1PeriphClockCmd)
    i.RCC_APB1PeriphClockCmd                 0x08001ee4   Section        0  stm32f4xx_rcc.o(i.RCC_APB1PeriphClockCmd)
    i.RCC_GetClocksFreq                      0x08001f04   Section        0  stm32f4xx_rcc.o(i.RCC_GetClocksFreq)
    i.SVC_Handler                            0x08001fe8   Section        0  stm32f4xx_it.o(i.SVC_Handler)
    i.SaveSysInfor                           0x08001fea   Section        0  sys_config.o(i.SaveSysInfor)
    i.SetSysClock                            0x08001ff0   Section        0  system_stm32f4xx.o(i.SetSysClock)
    SetSysClock                              0x08001ff1   Thumb Code   272  system_stm32f4xx.o(i.SetSysClock)
    i.SysTick_Handler                        0x08002110   Section        0  stm32f4xx_it.o(i.SysTick_Handler)
    i.SysTimer_DeviceExit                    0x08002114   Section        0  sys_timer.o(i.SysTimer_DeviceExit)
    i.SysTimer_DeviceSignIn                  0x08002184   Section        0  sys_timer.o(i.SysTimer_DeviceSignIn)
    i.SystemInit                             0x08002224   Section        0  system_stm32f4xx.o(i.SystemInit)
    i.System_Init                            0x0800228c   Section        0  main.o(i.System_Init)
    System_Init                              0x0800228d   Thumb Code    74  main.o(i.System_Init)
    i.TIM2_IRQHandler                        0x08002314   Section        0  sys_timer.o(i.TIM2_IRQHandler)
    i.TIM_ClearITPendingBit                  0x08002394   Section        0  stm32f4xx_tim.o(i.TIM_ClearITPendingBit)
    i.TIM_Cmd                                0x0800239a   Section        0  stm32f4xx_tim.o(i.TIM_Cmd)
    i.TIM_GetITStatus                        0x080023b2   Section        0  stm32f4xx_tim.o(i.TIM_GetITStatus)
    i.TIM_ITConfig                           0x080023d4   Section        0  stm32f4xx_tim.o(i.TIM_ITConfig)
    i.TIM_TimeBaseInit                       0x080023e8   Section        0  stm32f4xx_tim.o(i.TIM_TimeBaseInit)
    i.UsageFault_Handler                     0x0800246c   Section        0  stm32f4xx_it.o(i.UsageFault_Handler)
    i.__ARM_fpclassify                       0x08002470   Section        0  fpclassify.o(i.__ARM_fpclassify)
    i.__sysTimerInit                         0x080024a0   Section        0  sys_timer.o(i.__sysTimerInit)
    __sysTimerInit                           0x080024a1   Thumb Code    88  sys_timer.o(i.__sysTimerInit)
    i._delayClose                            0x080024f8   Section        0  delay.o(i._delayClose)
    _delayClose                              0x080024f9   Thumb Code    18  delay.o(i._delayClose)
    i._is_digit                              0x0800250a   Section        0  __printf_wp.o(i._is_digit)
    i.bspf_GPIOInit                          0x08002518   Section        0  bsp_led.o(i.bspf_GPIOInit)
    bspf_GPIOInit                            0x08002519   Thumb Code    66  bsp_led.o(i.bspf_GPIOInit)
    i.bspf_GPIOInit                          0x0800255a   Section        0  bsp_button.o(i.bspf_GPIOInit)
    bspf_GPIOInit                            0x0800255b   Thumb Code    52  bsp_button.o(i.bspf_GPIOInit)
    i.bspf_buttonSoftwareScan                0x08002590   Section        0  bsp_button.o(i.bspf_buttonSoftwareScan)
    bspf_buttonSoftwareScan                  0x08002591   Thumb Code   184  bsp_button.o(i.bspf_buttonSoftwareScan)
    i.bspf_ledClose                          0x0800265c   Section        0  bsp_led.o(i.bspf_ledClose)
    bspf_ledClose                            0x0800265d   Thumb Code    52  bsp_led.o(i.bspf_ledClose)
    i.bspf_ledOpen                           0x08002698   Section        0  bsp_led.o(i.bspf_ledOpen)
    bspf_ledOpen                             0x08002699   Thumb Code    52  bsp_led.o(i.bspf_ledOpen)
    i.bspf_ledToggle                         0x080026d4   Section        0  bsp_led.o(i.bspf_ledToggle)
    bspf_ledToggle                           0x080026d5   Thumb Code    52  bsp_led.o(i.bspf_ledToggle)
    i.btnClkCallBack                         0x08002710   Section        0  bsp_button.o(i.btnClkCallBack)
    btnClkCallBack                           0x08002711   Thumb Code    36  bsp_button.o(i.btnClkCallBack)
    i.buttonListening                        0x0800273c   Section        0  main.o(i.buttonListening)
    buttonListening                          0x0800273d   Thumb Code   132  main.o(i.buttonListening)
    i.clearSystemClockFlag                   0x080027d8   Section        0  main.o(i.clearSystemClockFlag)
    clearSystemClockFlag                     0x080027d9   Thumb Code     8  main.o(i.clearSystemClockFlag)
    i.getButtonHandle                        0x080027e4   Section        0  bsp_button.o(i.getButtonHandle)
    i.getLEDHandle                           0x08002830   Section        0  bsp_led.o(i.getLEDHandle)
    i.getSysInfor                            0x08002888   Section        0  sys_config.o(i.getSysInfor)
    i.getSystemClockFlag                     0x080028d0   Section        0  main.o(i.getSystemClockFlag)
    getSystemClockFlag                       0x080028d1   Thumb Code    18  main.o(i.getSystemClockFlag)
    i.greenLedClkCallBack                    0x080028e8   Section        0  main.o(i.greenLedClkCallBack)
    greenLedClkCallBack                      0x080028e9   Thumb Code   152  main.o(i.greenLedClkCallBack)
    i.jmy_log                                0x08002998   Section        0  log.o(i.jmy_log)
    i.main                                   0x08002a04   Section        0  main.o(i.main)
    i.redLedClkCallBack                      0x08002ae0   Section        0  main.o(i.redLedClkCallBack)
    redLedClkCallBack                        0x08002ae1   Thumb Code   152  main.o(i.redLedClkCallBack)
    i.scanCmd                                0x08002b8c   Section        0  bsp_button.o(i.scanCmd)
    scanCmd                                  0x08002b8d   Thumb Code    32  bsp_button.o(i.scanCmd)
    i.setEventListening                      0x08002bbc   Section        0  bsp_button.o(i.setEventListening)
    setEventListening                        0x08002bbd   Thumb Code     6  bsp_button.o(i.setEventListening)
    i.sysClkCallBack                         0x08002bc8   Section        0  main.o(i.sysClkCallBack)
    sysClkCallBack                           0x08002bc9   Thumb Code    18  main.o(i.sysClkCallBack)
    locale$$code                             0x08002be4   Section       44  lc_numeric_c.o(locale$$code)
    locale$$code                             0x08002c10   Section       44  lc_ctype_c.o(locale$$code)
    x$fpl$fpinit                             0x08002c3c   Section       10  fpinit.o(x$fpl$fpinit)
    $v0                                      0x08002c3c   Number         0  fpinit.o(x$fpl$fpinit)
    x$fpl$printf1                            0x08002c46   Section        4  printf1.o(x$fpl$printf1)
    $v0                                      0x08002c46   Number         0  printf1.o(x$fpl$printf1)
    x$fpl$printf2                            0x08002c4a   Section        4  printf2.o(x$fpl$printf2)
    $v0                                      0x08002c4a   Number         0  printf2.o(x$fpl$printf2)
    .constdata                               0x08002c4e   Section       12  main.o(.constdata)
    x$fpl$usenofp                            0x08002c4e   Section        0  usenofp.o(x$fpl$usenofp)
    __FUNCTION__                             0x08002c4e   Data          12  main.o(.constdata)
    .constdata                               0x08002c5a   Section       17  __printf_flags_ss_wp.o(.constdata)
    maptable                                 0x08002c5a   Data          17  __printf_flags_ss_wp.o(.constdata)
    .constdata                               0x08002c6c   Section        8  _printf_wctomb.o(.constdata)
    initial_mbstate                          0x08002c6c   Data           8  _printf_wctomb.o(.constdata)
    .constdata                               0x08002c74   Section       40  _printf_hex_int_ll_ptr.o(.constdata)
    uc_hextab                                0x08002c74   Data          20  _printf_hex_int_ll_ptr.o(.constdata)
    lc_hextab                                0x08002c88   Data          20  _printf_hex_int_ll_ptr.o(.constdata)
    .constdata                               0x08002c9c   Section       38  _printf_fp_hex.o(.constdata)
    lc_hextab                                0x08002c9c   Data          19  _printf_fp_hex.o(.constdata)
    uc_hextab                                0x08002caf   Data          19  _printf_fp_hex.o(.constdata)
    .constdata                               0x08002cc4   Section      148  bigflt0.o(.constdata)
    tenpwrs_x                                0x08002cc4   Data          60  bigflt0.o(.constdata)
    tenpwrs_i                                0x08002d00   Data          64  bigflt0.o(.constdata)
    .conststring                             0x08002d58   Section       58  log.o(.conststring)
    locale$$data                             0x08002db4   Section       28  lc_numeric_c.o(locale$$data)
    __lcnum_c_name                           0x08002db8   Data           2  lc_numeric_c.o(locale$$data)
    __lcnum_c_start                          0x08002dc0   Data           0  lc_numeric_c.o(locale$$data)
    __lcnum_c_point                          0x08002dcc   Data           0  lc_numeric_c.o(locale$$data)
    __lcnum_c_thousands                      0x08002dce   Data           0  lc_numeric_c.o(locale$$data)
    __lcnum_c_grouping                       0x08002dcf   Data           0  lc_numeric_c.o(locale$$data)
    locale$$data                             0x08002dd0   Section      272  lc_ctype_c.o(locale$$data)
    __lcnum_c_end                            0x08002dd0   Data           0  lc_numeric_c.o(locale$$data)
    __lcctype_c_name                         0x08002dd4   Data           2  lc_ctype_c.o(locale$$data)
    __lcctype_c_start                        0x08002ddc   Data           0  lc_ctype_c.o(locale$$data)
    __lcctype_c_end                          0x08002ee0   Data           0  lc_ctype_c.o(locale$$data)
    .data                                    0x20000000   Section       20  system_stm32f4xx.o(.data)
    .data                                    0x20000014   Section       16  stm32f4xx_rcc.o(.data)
    APBAHBPrescTable                         0x20000014   Data          16  stm32f4xx_rcc.o(.data)
    .data                                    0x20000024   Section       20  log.o(.data)
    __LOG_LEVEL_NAME__                       0x20000024   Data          20  log.o(.data)
    .data                                    0x20000038   Section      104  sys_timer.o(.data)
    __devices                                0x20000038   Data         104  sys_timer.o(.data)
    .data                                    0x200000a0   Section        1  bsp_led.o(.data)
    initFlag                                 0x200000a0   Data           1  bsp_led.o(.data)
    .data                                    0x200000a4   Section       21  bsp_button.o(.data)
    btnClock                                 0x200000a4   Data           1  bsp_button.o(.data)
    __listening                              0x200000a8   Data           4  bsp_button.o(.data)
    __press_time                             0x200000ac   Data           4  bsp_button.o(.data)
    state_old                                0x200000b0   Data           1  bsp_button.o(.data)
    psc                                      0x200000b4   Data           4  bsp_button.o(.data)
    initFlag                                 0x200000b8   Data           1  bsp_button.o(.data)
    .data                                    0x200000bc   Section       26  main.o(.data)
    sysClock                                 0x200000bc   Data           1  main.o(.data)
    timeCount                                0x200000c0   Data           4  main.o(.data)
    __red_led_server                         0x200000c4   Data           8  main.o(.data)
    __green_led_server                       0x200000cc   Data           8  main.o(.data)
    redLedClock                              0x200000d4   Data           1  main.o(.data)
    greenLedClock                            0x200000d5   Data           1  main.o(.data)
    .bss                                     0x200000d8   Section      256  log.o(.bss)
    __log_message_buff__                     0x200000d8   Data         256  log.o(.bss)
    .bss                                     0x200001d8   Section       72  sys_config.o(.bss)
    __sys_infor                              0x200001d8   Data          72  sys_config.o(.bss)
    .bss                                     0x20000220   Section       16  bsp_led.o(.bss)
    __led                                    0x20000220   Data          16  bsp_led.o(.bss)
    .bss                                     0x20000230   Section       16  bsp_button.o(.bss)
    __button                                 0x20000230   Data          16  bsp_button.o(.bss)
    .bss                                     0x20000240   Section       96  libspace.o(.bss)
    HEAP                                     0x200002a0   Section      512  startup_stm32f429_439xx.o(HEAP)
    Heap_Mem                                 0x200002a0   Data         512  startup_stm32f429_439xx.o(HEAP)
    STACK                                    0x200004a0   Section     4096  startup_stm32f429_439xx.o(STACK)
    Stack_Mem                                0x200004a0   Data        4096  startup_stm32f429_439xx.o(STACK)
    __initial_sp                             0x200014a0   Data           0  startup_stm32f429_439xx.o(STACK)

    Global Symbols

    Symbol Name                              Value     Ov Type        Size  Object(Section)

    BuildAttributes$$THM_ISAv4$E$P$D$K$B$S$7EM$VFPi3$EXTD16$VFPS$VFMA$PE$A:L22UL41UL21$X:L11$S22US41US21$IEEE1$IW$USESV6$~STKCKD$USESV7$~SHL$OTIME$ROPI$IEEEJ$EBA8$UX$STANDARDLIB$REQ8$PRES8$EABIv2 0x00000000   Number         0  anon$$obj.o ABSOLUTE
    __ARM_use_no_argv                        0x00000000   Number         0  main.o ABSOLUTE
    _printf_flags                            0x00000000   Number         0  printf_stubs.o ABSOLUTE
    _printf_return_value                     0x00000000   Number         0  printf_stubs.o ABSOLUTE
    _printf_sizespec                         0x00000000   Number         0  printf_stubs.o ABSOLUTE
    _printf_widthprec                        0x00000000   Number         0  printf_stubs.o ABSOLUTE
    __ARM_exceptions_init                     - Undefined Weak Reference
    __alloca_initialize                       - Undefined Weak Reference
    __arm_preinit_                            - Undefined Weak Reference
    __cpp_initialize__aeabi_                  - Undefined Weak Reference
    __cxa_finalize                            - Undefined Weak Reference
    __sigvec_lookup                           - Undefined Weak Reference
    _atexit_init                              - Undefined Weak Reference
    _call_atexit_fns                          - Undefined Weak Reference
    _clock_init                               - Undefined Weak Reference
    _fp_trap_init                             - Undefined Weak Reference
    _fp_trap_shutdown                         - Undefined Weak Reference
    _get_lc_collate                           - Undefined Weak Reference
    _get_lc_monetary                          - Undefined Weak Reference
    _get_lc_time                              - Undefined Weak Reference
    _getenv_init                              - Undefined Weak Reference
    _handle_redirection                       - Undefined Weak Reference
    _init_alloc                               - Undefined Weak Reference
    _init_user_alloc                          - Undefined Weak Reference
    _initio                                   - Undefined Weak Reference
    _printf_mbtowc                            - Undefined Weak Reference
    _printf_wc                                - Undefined Weak Reference
    _rand_init                                - Undefined Weak Reference
    _signal_finish                            - Undefined Weak Reference
    _signal_init                              - Undefined Weak Reference
    _terminate_alloc                          - Undefined Weak Reference
    _terminate_user_alloc                     - Undefined Weak Reference
    _terminateio                              - Undefined Weak Reference
    __Vectors_Size                           0x000001ac   Number         0  startup_stm32f429_439xx.o ABSOLUTE
    __Vectors                                0x08000000   Data           4  startup_stm32f429_439xx.o(RESET)
    __Vectors_End                            0x080001ac   Data           0  startup_stm32f429_439xx.o(RESET)
    __main                                   0x080001ad   Thumb Code     8  __main.o(!!!main)
    __scatterload                            0x080001b5   Thumb Code     0  __scatter.o(!!!scatter)
    __scatterload_rt2                        0x080001b5   Thumb Code    44  __scatter.o(!!!scatter)
    __scatterload_rt2_thumb_only             0x080001b5   Thumb Code     0  __scatter.o(!!!scatter)
    __scatterload_null                       0x080001c3   Thumb Code     0  __scatter.o(!!!scatter)
    __scatterload_copy                       0x080001e9   Thumb Code    26  __scatter_copy.o(!!handler_copy)
    __scatterload_zeroinit                   0x08000205   Thumb Code    28  __scatter_zi.o(!!handler_zi)
    _printf_n                                0x08000221   Thumb Code     0  _printf_n.o(.ARM.Collect$$_printf_percent$$00000001)
    _printf_percent                          0x08000221   Thumb Code     0  _printf_percent.o(.ARM.Collect$$_printf_percent$$00000000)
    _printf_p                                0x08000227   Thumb Code     0  _printf_p.o(.ARM.Collect$$_printf_percent$$00000002)
    _printf_f                                0x0800022d   Thumb Code     0  _printf_f.o(.ARM.Collect$$_printf_percent$$00000003)
    _printf_e                                0x08000233   Thumb Code     0  _printf_e.o(.ARM.Collect$$_printf_percent$$00000004)
    _printf_g                                0x08000239   Thumb Code     0  _printf_g.o(.ARM.Collect$$_printf_percent$$00000005)
    _printf_a                                0x0800023f   Thumb Code     0  _printf_a.o(.ARM.Collect$$_printf_percent$$00000006)
    _printf_ll                               0x08000245   Thumb Code     0  _printf_ll.o(.ARM.Collect$$_printf_percent$$00000007)
    _printf_i                                0x0800024f   Thumb Code     0  _printf_i.o(.ARM.Collect$$_printf_percent$$00000008)
    _printf_d                                0x08000255   Thumb Code     0  _printf_d.o(.ARM.Collect$$_printf_percent$$00000009)
    _printf_u                                0x0800025b   Thumb Code     0  _printf_u.o(.ARM.Collect$$_printf_percent$$0000000A)
    _printf_o                                0x08000261   Thumb Code     0  _printf_o.o(.ARM.Collect$$_printf_percent$$0000000B)
    _printf_x                                0x08000267   Thumb Code     0  _printf_x.o(.ARM.Collect$$_printf_percent$$0000000C)
    _printf_lli                              0x0800026d   Thumb Code     0  _printf_lli.o(.ARM.Collect$$_printf_percent$$0000000D)
    _printf_lld                              0x08000273   Thumb Code     0  _printf_lld.o(.ARM.Collect$$_printf_percent$$0000000E)
    _printf_llu                              0x08000279   Thumb Code     0  _printf_llu.o(.ARM.Collect$$_printf_percent$$0000000F)
    _printf_llo                              0x0800027f   Thumb Code     0  _printf_llo.o(.ARM.Collect$$_printf_percent$$00000010)
    _printf_llx                              0x08000285   Thumb Code     0  _printf_llx.o(.ARM.Collect$$_printf_percent$$00000011)
    _printf_l                                0x0800028b   Thumb Code     0  _printf_l.o(.ARM.Collect$$_printf_percent$$00000012)
    _printf_c                                0x08000295   Thumb Code     0  _printf_c.o(.ARM.Collect$$_printf_percent$$00000013)
    _printf_s                                0x0800029b   Thumb Code     0  _printf_s.o(.ARM.Collect$$_printf_percent$$00000014)
    _printf_lc                               0x080002a1   Thumb Code     0  _printf_lc.o(.ARM.Collect$$_printf_percent$$00000015)
    _printf_ls                               0x080002a7   Thumb Code     0  _printf_ls.o(.ARM.Collect$$_printf_percent$$00000016)
    _printf_percent_end                      0x080002ad   Thumb Code     0  _printf_percent_end.o(.ARM.Collect$$_printf_percent$$00000017)
    __rt_lib_init                            0x080002b1   Thumb Code     0  libinit.o(.ARM.Collect$$libinit$$00000000)
    __rt_lib_init_fp_1                       0x080002b3   Thumb Code     0  libinit2.o(.ARM.Collect$$libinit$$00000001)
    __rt_lib_init_heap_1                     0x080002b7   Thumb Code     0  libinit2.o(.ARM.Collect$$libinit$$0000000A)
    __rt_lib_init_lc_common                  0x080002b7   Thumb Code     0  libinit2.o(.ARM.Collect$$libinit$$0000000F)
    __rt_lib_init_preinit_1                  0x080002b7   Thumb Code     0  libinit2.o(.ARM.Collect$$libinit$$00000004)
    __rt_lib_init_rand_1                     0x080002b7   Thumb Code     0  libinit2.o(.ARM.Collect$$libinit$$0000000E)
    __rt_lib_init_user_alloc_1               0x080002b7   Thumb Code     0  libinit2.o(.ARM.Collect$$libinit$$0000000C)
    __rt_lib_init_lc_collate_1               0x080002bd   Thumb Code     0  libinit2.o(.ARM.Collect$$libinit$$00000011)
    __rt_lib_init_lc_ctype_2                 0x080002bd   Thumb Code     0  libinit2.o(.ARM.Collect$$libinit$$00000012)
    __rt_lib_init_lc_ctype_1                 0x080002c9   Thumb Code     0  libinit2.o(.ARM.Collect$$libinit$$00000013)
    __rt_lib_init_lc_monetary_1              0x080002c9   Thumb Code     0  libinit2.o(.ARM.Collect$$libinit$$00000015)
    __rt_lib_init_lc_numeric_2               0x080002c9   Thumb Code     0  libinit2.o(.ARM.Collect$$libinit$$00000016)
    __rt_lib_init_alloca_1                   0x080002d3   Thumb Code     0  libinit2.o(.ARM.Collect$$libinit$$0000002E)
    __rt_lib_init_argv_1                     0x080002d3   Thumb Code     0  libinit2.o(.ARM.Collect$$libinit$$0000002C)
    __rt_lib_init_atexit_1                   0x080002d3   Thumb Code     0  libinit2.o(.ARM.Collect$$libinit$$0000001B)
    __rt_lib_init_clock_1                    0x080002d3   Thumb Code     0  libinit2.o(.ARM.Collect$$libinit$$00000021)
    __rt_lib_init_cpp_1                      0x080002d3   Thumb Code     0  libinit2.o(.ARM.Collect$$libinit$$00000032)
    __rt_lib_init_exceptions_1               0x080002d3   Thumb Code     0  libinit2.o(.ARM.Collect$$libinit$$00000030)
    __rt_lib_init_fp_trap_1                  0x080002d3   Thumb Code     0  libinit2.o(.ARM.Collect$$libinit$$0000001F)
    __rt_lib_init_getenv_1                   0x080002d3   Thumb Code     0  libinit2.o(.ARM.Collect$$libinit$$00000023)
    __rt_lib_init_lc_numeric_1               0x080002d3   Thumb Code     0  libinit2.o(.ARM.Collect$$libinit$$00000017)
    __rt_lib_init_lc_time_1                  0x080002d3   Thumb Code     0  libinit2.o(.ARM.Collect$$libinit$$00000019)
    __rt_lib_init_return                     0x080002d3   Thumb Code     0  libinit2.o(.ARM.Collect$$libinit$$00000033)
    __rt_lib_init_signal_1                   0x080002d3   Thumb Code     0  libinit2.o(.ARM.Collect$$libinit$$0000001D)
    __rt_lib_init_stdio_1                    0x080002d3   Thumb Code     0  libinit2.o(.ARM.Collect$$libinit$$00000025)
    __rt_lib_shutdown                        0x080002d5   Thumb Code     0  libshutdown.o(.ARM.Collect$$libshutdown$$00000000)
    __rt_lib_shutdown_cpp_1                  0x080002d7   Thumb Code     0  libshutdown2.o(.ARM.Collect$$libshutdown$$00000002)
    __rt_lib_shutdown_fp_trap_1              0x080002d7   Thumb Code     0  libshutdown2.o(.ARM.Collect$$libshutdown$$00000007)
    __rt_lib_shutdown_heap_1                 0x080002d7   Thumb Code     0  libshutdown2.o(.ARM.Collect$$libshutdown$$0000000F)
    __rt_lib_shutdown_return                 0x080002d7   Thumb Code     0  libshutdown2.o(.ARM.Collect$$libshutdown$$00000010)
    __rt_lib_shutdown_signal_1               0x080002d7   Thumb Code     0  libshutdown2.o(.ARM.Collect$$libshutdown$$0000000A)
    __rt_lib_shutdown_stdio_1                0x080002d7   Thumb Code     0  libshutdown2.o(.ARM.Collect$$libshutdown$$00000004)
    __rt_lib_shutdown_user_alloc_1           0x080002d7   Thumb Code     0  libshutdown2.o(.ARM.Collect$$libshutdown$$0000000C)
    __rt_entry                               0x080002d9   Thumb Code     0  __rtentry.o(.ARM.Collect$$rtentry$$00000000)
    __rt_entry_presh_1                       0x080002d9   Thumb Code     0  __rtentry2.o(.ARM.Collect$$rtentry$$00000002)
    __rt_entry_sh                            0x080002d9   Thumb Code     0  __rtentry4.o(.ARM.Collect$$rtentry$$00000004)
    __rt_entry_li                            0x080002df   Thumb Code     0  __rtentry2.o(.ARM.Collect$$rtentry$$0000000A)
    __rt_entry_postsh_1                      0x080002df   Thumb Code     0  __rtentry2.o(.ARM.Collect$$rtentry$$00000009)
    __rt_entry_main                          0x080002e3   Thumb Code     0  __rtentry2.o(.ARM.Collect$$rtentry$$0000000D)
    __rt_entry_postli_1                      0x080002e3   Thumb Code     0  __rtentry2.o(.ARM.Collect$$rtentry$$0000000C)
    __rt_exit                                0x080002eb   Thumb Code     0  rtexit.o(.ARM.Collect$$rtexit$$00000000)
    __rt_exit_ls                             0x080002ed   Thumb Code     0  rtexit2.o(.ARM.Collect$$rtexit$$00000003)
    __rt_exit_prels_1                        0x080002ed   Thumb Code     0  rtexit2.o(.ARM.Collect$$rtexit$$00000002)
    __rt_exit_exit                           0x080002f1   Thumb Code     0  rtexit2.o(.ARM.Collect$$rtexit$$00000004)
    Reset_Handler                            0x080002f9   Thumb Code     8  startup_stm32f429_439xx.o(.text)
    ADC_IRQHandler                           0x08000313   Thumb Code     0  startup_stm32f429_439xx.o(.text)
    CAN1_RX0_IRQHandler                      0x08000313   Thumb Code     0  startup_stm32f429_439xx.o(.text)
    CAN1_RX1_IRQHandler                      0x08000313   Thumb Code     0  startup_stm32f429_439xx.o(.text)
    CAN1_SCE_IRQHandler                      0x08000313   Thumb Code     0  startup_stm32f429_439xx.o(.text)
    CAN1_TX_IRQHandler                       0x08000313   Thumb Code     0  startup_stm32f429_439xx.o(.text)
    CAN2_RX0_IRQHandler                      0x08000313   Thumb Code     0  startup_stm32f429_439xx.o(.text)
    CAN2_RX1_IRQHandler                      0x08000313   Thumb Code     0  startup_stm32f429_439xx.o(.text)
    CAN2_SCE_IRQHandler                      0x08000313   Thumb Code     0  startup_stm32f429_439xx.o(.text)
    CAN2_TX_IRQHandler                       0x08000313   Thumb Code     0  startup_stm32f429_439xx.o(.text)
    CRYP_IRQHandler                          0x08000313   Thumb Code     0  startup_stm32f429_439xx.o(.text)
    DCMI_IRQHandler                          0x08000313   Thumb Code     0  startup_stm32f429_439xx.o(.text)
    DMA1_Stream0_IRQHandler                  0x08000313   Thumb Code     0  startup_stm32f429_439xx.o(.text)
    DMA1_Stream1_IRQHandler                  0x08000313   Thumb Code     0  startup_stm32f429_439xx.o(.text)
    DMA1_Stream2_IRQHandler                  0x08000313   Thumb Code     0  startup_stm32f429_439xx.o(.text)
    DMA1_Stream3_IRQHandler                  0x08000313   Thumb Code     0  startup_stm32f429_439xx.o(.text)
    DMA1_Stream4_IRQHandler                  0x08000313   Thumb Code     0  startup_stm32f429_439xx.o(.text)
    DMA1_Stream5_IRQHandler                  0x08000313   Thumb Code     0  startup_stm32f429_439xx.o(.text)
    DMA1_Stream6_IRQHandler                  0x08000313   Thumb Code     0  startup_stm32f429_439xx.o(.text)
    DMA1_Stream7_IRQHandler                  0x08000313   Thumb Code     0  startup_stm32f429_439xx.o(.text)
    DMA2D_IRQHandler                         0x08000313   Thumb Code     0  startup_stm32f429_439xx.o(.text)
    DMA2_Stream0_IRQHandler                  0x08000313   Thumb Code     0  startup_stm32f429_439xx.o(.text)
    DMA2_Stream1_IRQHandler                  0x08000313   Thumb Code     0  startup_stm32f429_439xx.o(.text)
    DMA2_Stream2_IRQHandler                  0x08000313   Thumb Code     0  startup_stm32f429_439xx.o(.text)
    DMA2_Stream3_IRQHandler                  0x08000313   Thumb Code     0  startup_stm32f429_439xx.o(.text)
    DMA2_Stream4_IRQHandler                  0x08000313   Thumb Code     0  startup_stm32f429_439xx.o(.text)
    DMA2_Stream5_IRQHandler                  0x08000313   Thumb Code     0  startup_stm32f429_439xx.o(.text)
    DMA2_Stream6_IRQHandler                  0x08000313   Thumb Code     0  startup_stm32f429_439xx.o(.text)
    DMA2_Stream7_IRQHandler                  0x08000313   Thumb Code     0  startup_stm32f429_439xx.o(.text)
    ETH_IRQHandler                           0x08000313   Thumb Code     0  startup_stm32f429_439xx.o(.text)
    ETH_WKUP_IRQHandler                      0x08000313   Thumb Code     0  startup_stm32f429_439xx.o(.text)
    EXTI0_IRQHandler                         0x08000313   Thumb Code     0  startup_stm32f429_439xx.o(.text)
    EXTI15_10_IRQHandler                     0x08000313   Thumb Code     0  startup_stm32f429_439xx.o(.text)
    EXTI1_IRQHandler                         0x08000313   Thumb Code     0  startup_stm32f429_439xx.o(.text)
    EXTI2_IRQHandler                         0x08000313   Thumb Code     0  startup_stm32f429_439xx.o(.text)
    EXTI3_IRQHandler                         0x08000313   Thumb Code     0  startup_stm32f429_439xx.o(.text)
    EXTI4_IRQHandler                         0x08000313   Thumb Code     0  startup_stm32f429_439xx.o(.text)
    EXTI9_5_IRQHandler                       0x08000313   Thumb Code     0  startup_stm32f429_439xx.o(.text)
    FLASH_IRQHandler                         0x08000313   Thumb Code     0  startup_stm32f429_439xx.o(.text)
    FMC_IRQHandler                           0x08000313   Thumb Code     0  startup_stm32f429_439xx.o(.text)
    FPU_IRQHandler                           0x08000313   Thumb Code     0  startup_stm32f429_439xx.o(.text)
    HASH_RNG_IRQHandler                      0x08000313   Thumb Code     0  startup_stm32f429_439xx.o(.text)
    I2C1_ER_IRQHandler                       0x08000313   Thumb Code     0  startup_stm32f429_439xx.o(.text)
    I2C1_EV_IRQHandler                       0x08000313   Thumb Code     0  startup_stm32f429_439xx.o(.text)
    I2C2_ER_IRQHandler                       0x08000313   Thumb Code     0  startup_stm32f429_439xx.o(.text)
    I2C2_EV_IRQHandler                       0x08000313   Thumb Code     0  startup_stm32f429_439xx.o(.text)
    I2C3_ER_IRQHandler                       0x08000313   Thumb Code     0  startup_stm32f429_439xx.o(.text)
    I2C3_EV_IRQHandler                       0x08000313   Thumb Code     0  startup_stm32f429_439xx.o(.text)
    LTDC_ER_IRQHandler                       0x08000313   Thumb Code     0  startup_stm32f429_439xx.o(.text)
    LTDC_IRQHandler                          0x08000313   Thumb Code     0  startup_stm32f429_439xx.o(.text)
    OTG_FS_IRQHandler                        0x08000313   Thumb Code     0  startup_stm32f429_439xx.o(.text)
    OTG_FS_WKUP_IRQHandler                   0x08000313   Thumb Code     0  startup_stm32f429_439xx.o(.text)
    OTG_HS_EP1_IN_IRQHandler                 0x08000313   Thumb Code     0  startup_stm32f429_439xx.o(.text)
    OTG_HS_EP1_OUT_IRQHandler                0x08000313   Thumb Code     0  startup_stm32f429_439xx.o(.text)
    OTG_HS_IRQHandler                        0x08000313   Thumb Code     0  startup_stm32f429_439xx.o(.text)
    OTG_HS_WKUP_IRQHandler                   0x08000313   Thumb Code     0  startup_stm32f429_439xx.o(.text)
    PVD_IRQHandler                           0x08000313   Thumb Code     0  startup_stm32f429_439xx.o(.text)
    RCC_IRQHandler                           0x08000313   Thumb Code     0  startup_stm32f429_439xx.o(.text)
    RTC_Alarm_IRQHandler                     0x08000313   Thumb Code     0  startup_stm32f429_439xx.o(.text)
    RTC_WKUP_IRQHandler                      0x08000313   Thumb Code     0  startup_stm32f429_439xx.o(.text)
    SAI1_IRQHandler                          0x08000313   Thumb Code     0  startup_stm32f429_439xx.o(.text)
    SDIO_IRQHandler                          0x08000313   Thumb Code     0  startup_stm32f429_439xx.o(.text)
    SPI1_IRQHandler                          0x08000313   Thumb Code     0  startup_stm32f429_439xx.o(.text)
    SPI2_IRQHandler                          0x08000313   Thumb Code     0  startup_stm32f429_439xx.o(.text)
    SPI3_IRQHandler                          0x08000313   Thumb Code     0  startup_stm32f429_439xx.o(.text)
    SPI4_IRQHandler                          0x08000313   Thumb Code     0  startup_stm32f429_439xx.o(.text)
    SPI5_IRQHandler                          0x08000313   Thumb Code     0  startup_stm32f429_439xx.o(.text)
    SPI6_IRQHandler                          0x08000313   Thumb Code     0  startup_stm32f429_439xx.o(.text)
    TAMP_STAMP_IRQHandler                    0x08000313   Thumb Code     0  startup_stm32f429_439xx.o(.text)
    TIM1_BRK_TIM9_IRQHandler                 0x08000313   Thumb Code     0  startup_stm32f429_439xx.o(.text)
    TIM1_CC_IRQHandler                       0x08000313   Thumb Code     0  startup_stm32f429_439xx.o(.text)
    TIM1_TRG_COM_TIM11_IRQHandler            0x08000313   Thumb Code     0  startup_stm32f429_439xx.o(.text)
    TIM1_UP_TIM10_IRQHandler                 0x08000313   Thumb Code     0  startup_stm32f429_439xx.o(.text)
    TIM3_IRQHandler                          0x08000313   Thumb Code     0  startup_stm32f429_439xx.o(.text)
    TIM4_IRQHandler                          0x08000313   Thumb Code     0  startup_stm32f429_439xx.o(.text)
    TIM5_IRQHandler                          0x08000313   Thumb Code     0  startup_stm32f429_439xx.o(.text)
    TIM6_DAC_IRQHandler                      0x08000313   Thumb Code     0  startup_stm32f429_439xx.o(.text)
    TIM7_IRQHandler                          0x08000313   Thumb Code     0  startup_stm32f429_439xx.o(.text)
    TIM8_BRK_TIM12_IRQHandler                0x08000313   Thumb Code     0  startup_stm32f429_439xx.o(.text)
    TIM8_CC_IRQHandler                       0x08000313   Thumb Code     0  startup_stm32f429_439xx.o(.text)
    TIM8_TRG_COM_TIM14_IRQHandler            0x08000313   Thumb Code     0  startup_stm32f429_439xx.o(.text)
    TIM8_UP_TIM13_IRQHandler                 0x08000313   Thumb Code     0  startup_stm32f429_439xx.o(.text)
    UART4_IRQHandler                         0x08000313   Thumb Code     0  startup_stm32f429_439xx.o(.text)
    UART5_IRQHandler                         0x08000313   Thumb Code     0  startup_stm32f429_439xx.o(.text)
    UART7_IRQHandler                         0x08000313   Thumb Code     0  startup_stm32f429_439xx.o(.text)
    UART8_IRQHandler                         0x08000313   Thumb Code     0  startup_stm32f429_439xx.o(.text)
    USART1_IRQHandler                        0x08000313   Thumb Code     0  startup_stm32f429_439xx.o(.text)
    USART2_IRQHandler                        0x08000313   Thumb Code     0  startup_stm32f429_439xx.o(.text)
    USART3_IRQHandler                        0x08000313   Thumb Code     0  startup_stm32f429_439xx.o(.text)
    USART6_IRQHandler                        0x08000313   Thumb Code     0  startup_stm32f429_439xx.o(.text)
    WWDG_IRQHandler                          0x08000313   Thumb Code     0  startup_stm32f429_439xx.o(.text)
    __user_initial_stackheap                 0x08000315   Thumb Code     0  startup_stm32f429_439xx.o(.text)
    vsnprintf                                0x08000339   Thumb Code    48  vsnprintf.o(.text)
    __2sprintf                               0x0800036d   Thumb Code    38  __2sprintf.o(.text)
    _printf_str                              0x08000399   Thumb Code    82  _printf_str.o(.text)
    _printf_int_dec                          0x080003ed   Thumb Code   104  _printf_dec.o(.text)
    __printf                                 0x08000465   Thumb Code   388  __printf_flags_ss_wp.o(.text)
    strcpy                                   0x080005ed   Thumb Code    72  strcpy.o(.text)
    __aeabi_memclr4                          0x08000635   Thumb Code     0  rt_memclr_w.o(.text)
    __aeabi_memclr8                          0x08000635   Thumb Code     0  rt_memclr_w.o(.text)
    __rt_memclr_w                            0x08000635   Thumb Code    78  rt_memclr_w.o(.text)
    _memset_w                                0x08000639   Thumb Code     0  rt_memclr_w.o(.text)
    strcmp                                   0x08000685   Thumb Code   128  strcmpv7m.o(.text)
    __use_two_region_memory                  0x08000705   Thumb Code     2  heapauxi.o(.text)
    __rt_heap_escrow$2region                 0x08000707   Thumb Code     2  heapauxi.o(.text)
    __rt_heap_expand$2region                 0x08000709   Thumb Code     2  heapauxi.o(.text)
    _printf_pre_padding                      0x0800070b   Thumb Code    44  _printf_pad.o(.text)
    _printf_post_padding                     0x08000737   Thumb Code    34  _printf_pad.o(.text)
    _printf_truncate_signed                  0x08000759   Thumb Code    18  _printf_truncate.o(.text)
    _printf_truncate_unsigned                0x0800076b   Thumb Code    18  _printf_truncate.o(.text)
    _printf_int_common                       0x0800077d   Thumb Code   178  _printf_intcommon.o(.text)
    _printf_charcount                        0x0800082f   Thumb Code    40  _printf_charcount.o(.text)
    _printf_char_common                      0x08000863   Thumb Code    32  _printf_char_common.o(.text)
    _sputc                                   0x08000889   Thumb Code    10  _sputc.o(.text)
    _snputc                                  0x08000893   Thumb Code    16  _snputc.o(.text)
    _printf_cs_common                        0x080008a3   Thumb Code    20  _printf_char.o(.text)
    _printf_char                             0x080008b7   Thumb Code    16  _printf_char.o(.text)
    _printf_string                           0x080008c7   Thumb Code     8  _printf_char.o(.text)
    _printf_wctomb                           0x080008d1   Thumb Code   182  _printf_wctomb.o(.text)
    _printf_longlong_dec                     0x0800098d   Thumb Code   108  _printf_longlong_dec.o(.text)
    _printf_longlong_oct                     0x08000a09   Thumb Code    66  _printf_oct_int_ll.o(.text)
    _printf_int_oct                          0x08000a4b   Thumb Code    24  _printf_oct_int_ll.o(.text)
    _printf_ll_oct                           0x08000a63   Thumb Code    12  _printf_oct_int_ll.o(.text)
    _printf_longlong_hex                     0x08000a79   Thumb Code    86  _printf_hex_int_ll_ptr.o(.text)
    _printf_int_hex                          0x08000acf   Thumb Code    28  _printf_hex_int_ll_ptr.o(.text)
    _printf_ll_hex                           0x08000aeb   Thumb Code    12  _printf_hex_int_ll_ptr.o(.text)
    _printf_hex_ptr                          0x08000af7   Thumb Code    18  _printf_hex_int_ll_ptr.o(.text)
    _ll_udiv10                               0x08000b0d   Thumb Code   138  lludiv10.o(.text)
    __lib_sel_fp_printf                      0x08000b97   Thumb Code     2  _printf_fp_dec.o(.text)
    _printf_fp_dec_real                      0x08000d49   Thumb Code   620  _printf_fp_dec.o(.text)
    _printf_fp_hex_real                      0x08000fb5   Thumb Code   756  _printf_fp_hex.o(.text)
    _printf_lcs_common                       0x080012b1   Thumb Code    20  _printf_wchar.o(.text)
    _printf_wchar                            0x080012c5   Thumb Code    16  _printf_wchar.o(.text)
    _printf_wstring                          0x080012d5   Thumb Code     8  _printf_wchar.o(.text)
    _wcrtomb                                 0x080012dd   Thumb Code    64  _wcrtomb.o(.text)
    __user_setup_stackheap                   0x0800131d   Thumb Code    74  sys_stackheap_outer.o(.text)
    __rt_ctype_table                         0x08001369   Thumb Code    16  rt_ctype_table.o(.text)
    __rt_locale                              0x08001379   Thumb Code     8  rt_locale_intlibspace.o(.text)
    _printf_fp_infnan                        0x08001381   Thumb Code   112  _printf_fp_infnan.o(.text)
    _btod_etento                             0x08001401   Thumb Code   224  bigflt0.o(.text)
    exit                                     0x080014e5   Thumb Code    18  exit.o(.text)
    __user_libspace                          0x080014f9   Thumb Code     8  libspace.o(.text)
    __user_perproc_libspace                  0x080014f9   Thumb Code     0  libspace.o(.text)
    __user_perthread_libspace                0x080014f9   Thumb Code     0  libspace.o(.text)
    _sys_exit                                0x08001501   Thumb Code     8  sys_exit.o(.text)
    __I$use$semihosting                      0x0800150d   Thumb Code     0  use_no_semi.o(.text)
    __use_no_semihosting_swi                 0x0800150d   Thumb Code     2  use_no_semi.o(.text)
    __semihosting_library_function           0x0800150f   Thumb Code     0  indicate_semi.o(.text)
    _btod_d2e                                0x0800150f   Thumb Code    62  btod.o(CL$$btod_d2e)
    _d2e_denorm_low                          0x0800154d   Thumb Code    70  btod.o(CL$$btod_d2e_denorm_low)
    _d2e_norm_op1                            0x08001593   Thumb Code    96  btod.o(CL$$btod_d2e_norm_op1)
    __btod_div_common                        0x080015f3   Thumb Code   696  btod.o(CL$$btod_div_common)
    _e2e                                     0x0800192b   Thumb Code   220  btod.o(CL$$btod_e2e)
    _btod_ediv                               0x08001a07   Thumb Code    42  btod.o(CL$$btod_ediv)
    _btod_emul                               0x08001a31   Thumb Code    42  btod.o(CL$$btod_emul)
    __btod_mult_common                       0x08001a5b   Thumb Code   580  btod.o(CL$$btod_mult_common)
    BusFault_Handler                         0x08001c9f   Thumb Code     4  stm32f4xx_it.o(i.BusFault_Handler)
    DebugMon_Handler                         0x08001ca3   Thumb Code     2  stm32f4xx_it.o(i.DebugMon_Handler)
    Delay_Ms                                 0x08001d25   Thumb Code    40  delay.o(i.Delay_Ms)
    FactoryResetCallback                     0x08001d4d   Thumb Code    22  main.o(i.FactoryResetCallback)
    GPIO_Init                                0x08001d6d   Thumb Code   144  stm32f4xx_gpio.o(i.GPIO_Init)
    GPIO_ReadInputDataBit                    0x08001dfd   Thumb Code    18  stm32f4xx_gpio.o(i.GPIO_ReadInputDataBit)
    GPIO_ResetBits                           0x08001e0f   Thumb Code     4  stm32f4xx_gpio.o(i.GPIO_ResetBits)
    GPIO_SetBits                             0x08001e13   Thumb Code     4  stm32f4xx_gpio.o(i.GPIO_SetBits)
    GPIO_ToggleBits                          0x08001e17   Thumb Code     8  stm32f4xx_gpio.o(i.GPIO_ToggleBits)
    HardFault_Handler                        0x08001e1f   Thumb Code     4  stm32f4xx_it.o(i.HardFault_Handler)
    LoadSysInfor                             0x08001e23   Thumb Code    12  sys_config.o(i.LoadSysInfor)
    MemManage_Handler                        0x08001e2f   Thumb Code     4  stm32f4xx_it.o(i.MemManage_Handler)
    NMI_Handler                              0x08001e33   Thumb Code     2  stm32f4xx_it.o(i.NMI_Handler)
    NVIC_Init                                0x08001e35   Thumb Code   106  misc.o(i.NVIC_Init)
    NVIC_PriorityGroupConfig                 0x08001ead   Thumb Code    10  misc.o(i.NVIC_PriorityGroupConfig)
    PendSV_Handler                           0x08001ec1   Thumb Code     2  stm32f4xx_it.o(i.PendSV_Handler)
    RCC_AHB1PeriphClockCmd                   0x08001ec5   Thumb Code    26  stm32f4xx_rcc.o(i.RCC_AHB1PeriphClockCmd)
    RCC_APB1PeriphClockCmd                   0x08001ee5   Thumb Code    26  stm32f4xx_rcc.o(i.RCC_APB1PeriphClockCmd)
    RCC_GetClocksFreq                        0x08001f05   Thumb Code   214  stm32f4xx_rcc.o(i.RCC_GetClocksFreq)
    SVC_Handler                              0x08001fe9   Thumb Code     2  stm32f4xx_it.o(i.SVC_Handler)
    SaveSysInfor                             0x08001feb   Thumb Code     6  sys_config.o(i.SaveSysInfor)
    SysTick_Handler                          0x08002111   Thumb Code     2  stm32f4xx_it.o(i.SysTick_Handler)
    SysTimer_DeviceExit                      0x08002115   Thumb Code   108  sys_timer.o(i.SysTimer_DeviceExit)
    SysTimer_DeviceSignIn                    0x08002185   Thumb Code   154  sys_timer.o(i.SysTimer_DeviceSignIn)
    SystemInit                               0x08002225   Thumb Code    88  system_stm32f4xx.o(i.SystemInit)
    TIM2_IRQHandler                          0x08002315   Thumb Code   122  sys_timer.o(i.TIM2_IRQHandler)
    TIM_ClearITPendingBit                    0x08002395   Thumb Code     6  stm32f4xx_tim.o(i.TIM_ClearITPendingBit)
    TIM_Cmd                                  0x0800239b   Thumb Code    24  stm32f4xx_tim.o(i.TIM_Cmd)
    TIM_GetITStatus                          0x080023b3   Thumb Code    34  stm32f4xx_tim.o(i.TIM_GetITStatus)
    TIM_ITConfig                             0x080023d5   Thumb Code    18  stm32f4xx_tim.o(i.TIM_ITConfig)
    TIM_TimeBaseInit                         0x080023e9   Thumb Code   104  stm32f4xx_tim.o(i.TIM_TimeBaseInit)
    UsageFault_Handler                       0x0800246d   Thumb Code     4  stm32f4xx_it.o(i.UsageFault_Handler)
    __ARM_fpclassify                         0x08002471   Thumb Code    48  fpclassify.o(i.__ARM_fpclassify)
    _is_digit                                0x0800250b   Thumb Code    14  __printf_wp.o(i._is_digit)
    getButtonHandle                          0x080027e5   Thumb Code    50  bsp_button.o(i.getButtonHandle)
    getLEDHandle                             0x08002831   Thumb Code    64  bsp_led.o(i.getLEDHandle)
    getSysInfor                              0x08002889   Thumb Code    62  sys_config.o(i.getSysInfor)
    jmy_log                                  0x08002999   Thumb Code    82  log.o(i.jmy_log)
    main                                     0x08002a05   Thumb Code   172  main.o(i.main)
    _get_lc_numeric                          0x08002be5   Thumb Code    44  lc_numeric_c.o(locale$$code)
    _get_lc_ctype                            0x08002c11   Thumb Code    44  lc_ctype_c.o(locale$$code)
    _fp_init                                 0x08002c3d   Thumb Code    10  fpinit.o(x$fpl$fpinit)
    __fplib_config_fpu_vfp                   0x08002c45   Thumb Code     0  fpinit.o(x$fpl$fpinit)
    __fplib_config_pureend_doubles           0x08002c45   Thumb Code     0  fpinit.o(x$fpl$fpinit)
    _printf_fp_dec                           0x08002c47   Thumb Code     4  printf1.o(x$fpl$printf1)
    _printf_fp_hex                           0x08002c4b   Thumb Code     4  printf2.o(x$fpl$printf2)
    __I$use$fp                               0x08002c4e   Number         0  usenofp.o(x$fpl$usenofp)
    Region$$Table$$Base                      0x08002d94   Number         0  anon$$obj.o(Region$$Table)
    Region$$Table$$Limit                     0x08002db4   Number         0  anon$$obj.o(Region$$Table)
    __ctype                                  0x08002ddd   Data           0  lc_ctype_c.o(locale$$data)
    SystemCoreClock                          0x20000000   Data           4  system_stm32f4xx.o(.data)
    AHBPrescTable                            0x20000004   Data          16  system_stm32f4xx.o(.data)
    __libspace_start                         0x20000240   Data          96  libspace.o(.bss)
    __temporary_stack_top$libspace           0x200002a0   Data           0  libspace.o(.bss)



==============================================================================

Memory Map of the image

  Image Entry point : 0x080001ad

  Load Region LR_IROM1 (Base: 0x08000000, Size: 0x00002fb8, Max: 0x00200000, ABSOLUTE)

    Execution Region ER_IROM1 (Exec base: 0x08000000, Load base: 0x08000000, Size: 0x00002ee0, Max: 0x00200000, ABSOLUTE)

    Exec Addr    Load Addr    Size         Type   Attr      Idx    E Section Name        Object

    0x08000000   0x08000000   0x000001ac   Data   RO            3    RESET               startup_stm32f429_439xx.o
    0x080001ac   0x080001ac   0x00000008   Code   RO         5662  * !!!main             c_w.l(__main.o)
    0x080001b4   0x080001b4   0x00000034   Code   RO         5954    !!!scatter          c_w.l(__scatter.o)
    0x080001e8   0x080001e8   0x0000001a   Code   RO         5956    !!handler_copy      c_w.l(__scatter_copy.o)
    0x08000202   0x08000202   0x00000002   PAD
    0x08000204   0x08000204   0x0000001c   Code   RO         5958    !!handler_zi        c_w.l(__scatter_zi.o)
    0x08000220   0x08000220   0x00000000   Code   RO         5653    .ARM.Collect$$_printf_percent$$00000000  c_w.l(_printf_percent.o)
    0x08000220   0x08000220   0x00000006   Code   RO         5714    .ARM.Collect$$_printf_percent$$00000001  c_w.l(_printf_n.o)
    0x08000226   0x08000226   0x00000006   Code   RO         5716    .ARM.Collect$$_printf_percent$$00000002  c_w.l(_printf_p.o)
    0x0800022c   0x0800022c   0x00000006   Code   RO         5720    .ARM.Collect$$_printf_percent$$00000003  c_w.l(_printf_f.o)
    0x08000232   0x08000232   0x00000006   Code   RO         5721    .ARM.Collect$$_printf_percent$$00000004  c_w.l(_printf_e.o)
    0x08000238   0x08000238   0x00000006   Code   RO         5722    .ARM.Collect$$_printf_percent$$00000005  c_w.l(_printf_g.o)
    0x0800023e   0x0800023e   0x00000006   Code   RO         5723    .ARM.Collect$$_printf_percent$$00000006  c_w.l(_printf_a.o)
    0x08000244   0x08000244   0x0000000a   Code   RO         5728    .ARM.Collect$$_printf_percent$$00000007  c_w.l(_printf_ll.o)
    0x0800024e   0x0800024e   0x00000006   Code   RO         5718    .ARM.Collect$$_printf_percent$$00000008  c_w.l(_printf_i.o)
    0x08000254   0x08000254   0x00000006   Code   RO         5652    .ARM.Collect$$_printf_percent$$00000009  c_w.l(_printf_d.o)
    0x0800025a   0x0800025a   0x00000006   Code   RO         5719    .ARM.Collect$$_printf_percent$$0000000A  c_w.l(_printf_u.o)
    0x08000260   0x08000260   0x00000006   Code   RO         5717    .ARM.Collect$$_printf_percent$$0000000B  c_w.l(_printf_o.o)
    0x08000266   0x08000266   0x00000006   Code   RO         5715    .ARM.Collect$$_printf_percent$$0000000C  c_w.l(_printf_x.o)
    0x0800026c   0x0800026c   0x00000006   Code   RO         5725    .ARM.Collect$$_printf_percent$$0000000D  c_w.l(_printf_lli.o)
    0x08000272   0x08000272   0x00000006   Code   RO         5726    .ARM.Collect$$_printf_percent$$0000000E  c_w.l(_printf_lld.o)
    0x08000278   0x08000278   0x00000006   Code   RO         5727    .ARM.Collect$$_printf_percent$$0000000F  c_w.l(_printf_llu.o)
    0x0800027e   0x0800027e   0x00000006   Code   RO         5732    .ARM.Collect$$_printf_percent$$00000010  c_w.l(_printf_llo.o)
    0x08000284   0x08000284   0x00000006   Code   RO         5733    .ARM.Collect$$_printf_percent$$00000011  c_w.l(_printf_llx.o)
    0x0800028a   0x0800028a   0x0000000a   Code   RO         5729    .ARM.Collect$$_printf_percent$$00000012  c_w.l(_printf_l.o)
    0x08000294   0x08000294   0x00000006   Code   RO         5713    .ARM.Collect$$_printf_percent$$00000013  c_w.l(_printf_c.o)
    0x0800029a   0x0800029a   0x00000006   Code   RO         5651    .ARM.Collect$$_printf_percent$$00000014  c_w.l(_printf_s.o)
    0x080002a0   0x080002a0   0x00000006   Code   RO         5730    .ARM.Collect$$_printf_percent$$00000015  c_w.l(_printf_lc.o)
    0x080002a6   0x080002a6   0x00000006   Code   RO         5731    .ARM.Collect$$_printf_percent$$00000016  c_w.l(_printf_ls.o)
    0x080002ac   0x080002ac   0x00000004   Code   RO         5724    .ARM.Collect$$_printf_percent$$00000017  c_w.l(_printf_percent_end.o)
    0x080002b0   0x080002b0   0x00000002   Code   RO         5816    .ARM.Collect$$libinit$$00000000  c_w.l(libinit.o)
    0x080002b2   0x080002b2   0x00000004   Code   RO         5830    .ARM.Collect$$libinit$$00000001  c_w.l(libinit2.o)
    0x080002b6   0x080002b6   0x00000000   Code   RO         5833    .ARM.Collect$$libinit$$00000004  c_w.l(libinit2.o)
    0x080002b6   0x080002b6   0x00000000   Code   RO         5836    .ARM.Collect$$libinit$$0000000A  c_w.l(libinit2.o)
    0x080002b6   0x080002b6   0x00000000   Code   RO         5838    .ARM.Collect$$libinit$$0000000C  c_w.l(libinit2.o)
    0x080002b6   0x080002b6   0x00000000   Code   RO         5840    .ARM.Collect$$libinit$$0000000E  c_w.l(libinit2.o)
    0x080002b6   0x080002b6   0x00000006   Code   RO         5841    .ARM.Collect$$libinit$$0000000F  c_w.l(libinit2.o)
    0x080002bc   0x080002bc   0x00000000   Code   RO         5843    .ARM.Collect$$libinit$$00000011  c_w.l(libinit2.o)
    0x080002bc   0x080002bc   0x0000000c   Code   RO         5844    .ARM.Collect$$libinit$$00000012  c_w.l(libinit2.o)
    0x080002c8   0x080002c8   0x00000000   Code   RO         5845    .ARM.Collect$$libinit$$00000013  c_w.l(libinit2.o)
    0x080002c8   0x080002c8   0x00000000   Code   RO         5847    .ARM.Collect$$libinit$$00000015  c_w.l(libinit2.o)
    0x080002c8   0x080002c8   0x0000000a   Code   RO         5848    .ARM.Collect$$libinit$$00000016  c_w.l(libinit2.o)
    0x080002d2   0x080002d2   0x00000000   Code   RO         5849    .ARM.Collect$$libinit$$00000017  c_w.l(libinit2.o)
    0x080002d2   0x080002d2   0x00000000   Code   RO         5851    .ARM.Collect$$libinit$$00000019  c_w.l(libinit2.o)
    0x080002d2   0x080002d2   0x00000000   Code   RO         5853    .ARM.Collect$$libinit$$0000001B  c_w.l(libinit2.o)
    0x080002d2   0x080002d2   0x00000000   Code   RO         5855    .ARM.Collect$$libinit$$0000001D  c_w.l(libinit2.o)
    0x080002d2   0x080002d2   0x00000000   Code   RO         5857    .ARM.Collect$$libinit$$0000001F  c_w.l(libinit2.o)
    0x080002d2   0x080002d2   0x00000000   Code   RO         5859    .ARM.Collect$$libinit$$00000021  c_w.l(libinit2.o)
    0x080002d2   0x080002d2   0x00000000   Code   RO         5861    .ARM.Collect$$libinit$$00000023  c_w.l(libinit2.o)
    0x080002d2   0x080002d2   0x00000000   Code   RO         5863    .ARM.Collect$$libinit$$00000025  c_w.l(libinit2.o)
    0x080002d2   0x080002d2   0x00000000   Code   RO         5867    .ARM.Collect$$libinit$$0000002C  c_w.l(libinit2.o)
    0x080002d2   0x080002d2   0x00000000   Code   RO         5869    .ARM.Collect$$libinit$$0000002E  c_w.l(libinit2.o)
    0x080002d2   0x080002d2   0x00000000   Code   RO         5871    .ARM.Collect$$libinit$$00000030  c_w.l(libinit2.o)
    0x080002d2   0x080002d2   0x00000000   Code   RO         5873    .ARM.Collect$$libinit$$00000032  c_w.l(libinit2.o)
    0x080002d2   0x080002d2   0x00000002   Code   RO         5874    .ARM.Collect$$libinit$$00000033  c_w.l(libinit2.o)
    0x080002d4   0x080002d4   0x00000002   Code   RO         5894    .ARM.Collect$$libshutdown$$00000000  c_w.l(libshutdown.o)
    0x080002d6   0x080002d6   0x00000000   Code   RO         5907    .ARM.Collect$$libshutdown$$00000002  c_w.l(libshutdown2.o)
    0x080002d6   0x080002d6   0x00000000   Code   RO         5909    .ARM.Collect$$libshutdown$$00000004  c_w.l(libshutdown2.o)
    0x080002d6   0x080002d6   0x00000000   Code   RO         5912    .ARM.Collect$$libshutdown$$00000007  c_w.l(libshutdown2.o)
    0x080002d6   0x080002d6   0x00000000   Code   RO         5915    .ARM.Collect$$libshutdown$$0000000A  c_w.l(libshutdown2.o)
    0x080002d6   0x080002d6   0x00000000   Code   RO         5917    .ARM.Collect$$libshutdown$$0000000C  c_w.l(libshutdown2.o)
    0x080002d6   0x080002d6   0x00000000   Code   RO         5920    .ARM.Collect$$libshutdown$$0000000F  c_w.l(libshutdown2.o)
    0x080002d6   0x080002d6   0x00000002   Code   RO         5921    .ARM.Collect$$libshutdown$$00000010  c_w.l(libshutdown2.o)
    0x080002d8   0x080002d8   0x00000000   Code   RO         5664    .ARM.Collect$$rtentry$$00000000  c_w.l(__rtentry.o)
    0x080002d8   0x080002d8   0x00000000   Code   RO         5743    .ARM.Collect$$rtentry$$00000002  c_w.l(__rtentry2.o)
    0x080002d8   0x080002d8   0x00000006   Code   RO         5755    .ARM.Collect$$rtentry$$00000004  c_w.l(__rtentry4.o)
    0x080002de   0x080002de   0x00000000   Code   RO         5745    .ARM.Collect$$rtentry$$00000009  c_w.l(__rtentry2.o)
    0x080002de   0x080002de   0x00000004   Code   RO         5746    .ARM.Collect$$rtentry$$0000000A  c_w.l(__rtentry2.o)
    0x080002e2   0x080002e2   0x00000000   Code   RO         5748    .ARM.Collect$$rtentry$$0000000C  c_w.l(__rtentry2.o)
    0x080002e2   0x080002e2   0x00000008   Code   RO         5749    .ARM.Collect$$rtentry$$0000000D  c_w.l(__rtentry2.o)
    0x080002ea   0x080002ea   0x00000002   Code   RO         5825    .ARM.Collect$$rtexit$$00000000  c_w.l(rtexit.o)
    0x080002ec   0x080002ec   0x00000000   Code   RO         5876    .ARM.Collect$$rtexit$$00000002  c_w.l(rtexit2.o)
    0x080002ec   0x080002ec   0x00000004   Code   RO         5877    .ARM.Collect$$rtexit$$00000003  c_w.l(rtexit2.o)
    0x080002f0   0x080002f0   0x00000006   Code   RO         5878    .ARM.Collect$$rtexit$$00000004  c_w.l(rtexit2.o)
    0x080002f6   0x080002f6   0x00000002   PAD
    0x080002f8   0x080002f8   0x00000040   Code   RO            4    .text               startup_stm32f429_439xx.o
    0x08000338   0x08000338   0x00000034   Code   RO         5619    .text               c_w.l(vsnprintf.o)
    0x0800036c   0x0800036c   0x0000002c   Code   RO         5621    .text               c_w.l(__2sprintf.o)
    0x08000398   0x08000398   0x00000052   Code   RO         5627    .text               c_w.l(_printf_str.o)
    0x080003ea   0x080003ea   0x00000002   PAD
    0x080003ec   0x080003ec   0x00000078   Code   RO         5629    .text               c_w.l(_printf_dec.o)
    0x08000464   0x08000464   0x00000188   Code   RO         5648    .text               c_w.l(__printf_flags_ss_wp.o)
    0x080005ec   0x080005ec   0x00000048   Code   RO         5654    .text               c_w.l(strcpy.o)
    0x08000634   0x08000634   0x0000004e   Code   RO         5656    .text               c_w.l(rt_memclr_w.o)
    0x08000682   0x08000682   0x00000002   PAD
    0x08000684   0x08000684   0x00000080   Code   RO         5658    .text               c_w.l(strcmpv7m.o)
    0x08000704   0x08000704   0x00000006   Code   RO         5660    .text               c_w.l(heapauxi.o)
    0x0800070a   0x0800070a   0x0000004e   Code   RO         5665    .text               c_w.l(_printf_pad.o)
    0x08000758   0x08000758   0x00000024   Code   RO         5667    .text               c_w.l(_printf_truncate.o)
    0x0800077c   0x0800077c   0x000000b2   Code   RO         5669    .text               c_w.l(_printf_intcommon.o)
    0x0800082e   0x0800082e   0x00000028   Code   RO         5671    .text               c_w.l(_printf_charcount.o)
    0x08000856   0x08000856   0x00000002   PAD
    0x08000858   0x08000858   0x00000030   Code   RO         5673    .text               c_w.l(_printf_char_common.o)
    0x08000888   0x08000888   0x0000000a   Code   RO         5675    .text               c_w.l(_sputc.o)
    0x08000892   0x08000892   0x00000010   Code   RO         5677    .text               c_w.l(_snputc.o)
    0x080008a2   0x080008a2   0x0000002c   Code   RO         5679    .text               c_w.l(_printf_char.o)
    0x080008ce   0x080008ce   0x00000002   PAD
    0x080008d0   0x080008d0   0x000000bc   Code   RO         5681    .text               c_w.l(_printf_wctomb.o)
    0x0800098c   0x0800098c   0x0000007c   Code   RO         5684    .text               c_w.l(_printf_longlong_dec.o)
    0x08000a08   0x08000a08   0x00000070   Code   RO         5690    .text               c_w.l(_printf_oct_int_ll.o)
    0x08000a78   0x08000a78   0x00000094   Code   RO         5710    .text               c_w.l(_printf_hex_int_ll_ptr.o)
    0x08000b0c   0x08000b0c   0x0000008a   Code   RO         5757    .text               c_w.l(lludiv10.o)
    0x08000b96   0x08000b96   0x0000041e   Code   RO         5759    .text               c_w.l(_printf_fp_dec.o)
    0x08000fb4   0x08000fb4   0x000002fc   Code   RO         5761    .text               c_w.l(_printf_fp_hex.o)
    0x080012b0   0x080012b0   0x0000002c   Code   RO         5766    .text               c_w.l(_printf_wchar.o)
    0x080012dc   0x080012dc   0x00000040   Code   RO         5768    .text               c_w.l(_wcrtomb.o)
    0x0800131c   0x0800131c   0x0000004a   Code   RO         5770    .text               c_w.l(sys_stackheap_outer.o)
    0x08001366   0x08001366   0x00000002   PAD
    0x08001368   0x08001368   0x00000010   Code   RO         5772    .text               c_w.l(rt_ctype_table.o)
    0x08001378   0x08001378   0x00000008   Code   RO         5777    .text               c_w.l(rt_locale_intlibspace.o)
    0x08001380   0x08001380   0x00000080   Code   RO         5779    .text               c_w.l(_printf_fp_infnan.o)
    0x08001400   0x08001400   0x000000e4   Code   RO         5781    .text               c_w.l(bigflt0.o)
    0x080014e4   0x080014e4   0x00000012   Code   RO         5809    .text               c_w.l(exit.o)
    0x080014f6   0x080014f6   0x00000002   PAD
    0x080014f8   0x080014f8   0x00000008   Code   RO         5822    .text               c_w.l(libspace.o)
    0x08001500   0x08001500   0x0000000c   Code   RO         5886    .text               c_w.l(sys_exit.o)
    0x0800150c   0x0800150c   0x00000002   Code   RO         5897    .text               c_w.l(use_no_semi.o)
    0x0800150e   0x0800150e   0x00000000   Code   RO         5899    .text               c_w.l(indicate_semi.o)
    0x0800150e   0x0800150e   0x0000003e   Code   RO         5784    CL$$btod_d2e        c_w.l(btod.o)
    0x0800154c   0x0800154c   0x00000046   Code   RO         5786    CL$$btod_d2e_denorm_low  c_w.l(btod.o)
    0x08001592   0x08001592   0x00000060   Code   RO         5785    CL$$btod_d2e_norm_op1  c_w.l(btod.o)
    0x080015f2   0x080015f2   0x00000338   Code   RO         5794    CL$$btod_div_common  c_w.l(btod.o)
    0x0800192a   0x0800192a   0x000000dc   Code   RO         5791    CL$$btod_e2e        c_w.l(btod.o)
    0x08001a06   0x08001a06   0x0000002a   Code   RO         5788    CL$$btod_ediv       c_w.l(btod.o)
    0x08001a30   0x08001a30   0x0000002a   Code   RO         5787    CL$$btod_emul       c_w.l(btod.o)
    0x08001a5a   0x08001a5a   0x00000244   Code   RO         5793    CL$$btod_mult_common  c_w.l(btod.o)
    0x08001c9e   0x08001c9e   0x00000004   Code   RO         5208    i.BusFault_Handler  stm32f4xx_it.o
    0x08001ca2   0x08001ca2   0x00000002   Code   RO         5209    i.DebugMon_Handler  stm32f4xx_it.o
    0x08001ca4   0x08001ca4   0x00000080   Code   RO         5161    i.DelayInit         delay.o
    0x08001d24   0x08001d24   0x00000028   Code   RO         5162    i.Delay_Ms          delay.o
    0x08001d4c   0x08001d4c   0x00000020   Code   RO         5546    i.FactoryResetCallback  main.o
    0x08001d6c   0x08001d6c   0x00000090   Code   RO         2046    i.GPIO_Init         stm32f4xx_gpio.o
    0x08001dfc   0x08001dfc   0x00000012   Code   RO         2050    i.GPIO_ReadInputDataBit  stm32f4xx_gpio.o
    0x08001e0e   0x08001e0e   0x00000004   Code   RO         2053    i.GPIO_ResetBits    stm32f4xx_gpio.o
    0x08001e12   0x08001e12   0x00000004   Code   RO         2054    i.GPIO_SetBits      stm32f4xx_gpio.o
    0x08001e16   0x08001e16   0x00000008   Code   RO         2056    i.GPIO_ToggleBits   stm32f4xx_gpio.o
    0x08001e1e   0x08001e1e   0x00000004   Code   RO         5210    i.HardFault_Handler  stm32f4xx_it.o
    0x08001e22   0x08001e22   0x0000000c   Code   RO         5404    i.LoadSysInfor      sys_config.o
    0x08001e2e   0x08001e2e   0x00000004   Code   RO         5211    i.MemManage_Handler  stm32f4xx_it.o
    0x08001e32   0x08001e32   0x00000002   Code   RO         5212    i.NMI_Handler       stm32f4xx_it.o
    0x08001e34   0x08001e34   0x00000078   Code   RO          164    i.NVIC_Init         misc.o
    0x08001eac   0x08001eac   0x00000014   Code   RO          165    i.NVIC_PriorityGroupConfig  misc.o
    0x08001ec0   0x08001ec0   0x00000002   Code   RO         5213    i.PendSV_Handler    stm32f4xx_it.o
    0x08001ec2   0x08001ec2   0x00000002   PAD
    0x08001ec4   0x08001ec4   0x00000020   Code   RO         2960    i.RCC_AHB1PeriphClockCmd  stm32f4xx_rcc.o
    0x08001ee4   0x08001ee4   0x00000020   Code   RO         2969    i.RCC_APB1PeriphClockCmd  stm32f4xx_rcc.o
    0x08001f04   0x08001f04   0x000000e4   Code   RO         2981    i.RCC_GetClocksFreq  stm32f4xx_rcc.o
    0x08001fe8   0x08001fe8   0x00000002   Code   RO         5214    i.SVC_Handler       stm32f4xx_it.o
    0x08001fea   0x08001fea   0x00000006   Code   RO         5405    i.SaveSysInfor      sys_config.o
    0x08001ff0   0x08001ff0   0x00000120   Code   RO           13    i.SetSysClock       system_stm32f4xx.o
    0x08002110   0x08002110   0x00000002   Code   RO         5215    i.SysTick_Handler   stm32f4xx_it.o
    0x08002112   0x08002112   0x00000002   PAD
    0x08002114   0x08002114   0x00000070   Code   RO         5357    i.SysTimer_DeviceExit  sys_timer.o
    0x08002184   0x08002184   0x000000a0   Code   RO         5358    i.SysTimer_DeviceSignIn  sys_timer.o
    0x08002224   0x08002224   0x00000068   Code   RO           15    i.SystemInit        system_stm32f4xx.o
    0x0800228c   0x0800228c   0x00000088   Code   RO         5547    i.System_Init       main.o
    0x08002314   0x08002314   0x00000080   Code   RO         5359    i.TIM2_IRQHandler   sys_timer.o
    0x08002394   0x08002394   0x00000006   Code   RO         4348    i.TIM_ClearITPendingBit  stm32f4xx_tim.o
    0x0800239a   0x0800239a   0x00000018   Code   RO         4353    i.TIM_Cmd           stm32f4xx_tim.o
    0x080023b2   0x080023b2   0x00000022   Code   RO         4374    i.TIM_GetITStatus   stm32f4xx_tim.o
    0x080023d4   0x080023d4   0x00000012   Code   RO         4378    i.TIM_ITConfig      stm32f4xx_tim.o
    0x080023e6   0x080023e6   0x00000002   PAD
    0x080023e8   0x080023e8   0x00000084   Code   RO         4425    i.TIM_TimeBaseInit  stm32f4xx_tim.o
    0x0800246c   0x0800246c   0x00000004   Code   RO         5216    i.UsageFault_Handler  stm32f4xx_it.o
    0x08002470   0x08002470   0x00000030   Code   RO         5820    i.__ARM_fpclassify  m_wm.l(fpclassify.o)
    0x080024a0   0x080024a0   0x00000058   Code   RO         5360    i.__sysTimerInit    sys_timer.o
    0x080024f8   0x080024f8   0x00000012   Code   RO         5164    i._delayClose       delay.o
    0x0800250a   0x0800250a   0x0000000e   Code   RO         5641    i._is_digit         c_w.l(__printf_wp.o)
    0x08002518   0x08002518   0x00000042   Code   RO         5441    i.bspf_GPIOInit     bsp_led.o
    0x0800255a   0x0800255a   0x00000034   Code   RO         5491    i.bspf_GPIOInit     bsp_button.o
    0x0800258e   0x0800258e   0x00000002   PAD
    0x08002590   0x08002590   0x000000cc   Code   RO         5492    i.bspf_buttonSoftwareScan  bsp_button.o
    0x0800265c   0x0800265c   0x0000003c   Code   RO         5442    i.bspf_ledClose     bsp_led.o
    0x08002698   0x08002698   0x0000003c   Code   RO         5443    i.bspf_ledOpen      bsp_led.o
    0x080026d4   0x080026d4   0x0000003c   Code   RO         5444    i.bspf_ledToggle    bsp_led.o
    0x08002710   0x08002710   0x0000002c   Code   RO         5493    i.btnClkCallBack    bsp_button.o
    0x0800273c   0x0800273c   0x0000009c   Code   RO         5548    i.buttonListening   main.o
    0x080027d8   0x080027d8   0x0000000c   Code   RO         5549    i.clearSystemClockFlag  main.o
    0x080027e4   0x080027e4   0x0000004c   Code   RO         5494    i.getButtonHandle   bsp_button.o
    0x08002830   0x08002830   0x00000058   Code   RO         5445    i.getLEDHandle      bsp_led.o
    0x08002888   0x08002888   0x00000048   Code   RO         5406    i.getSysInfor       sys_config.o
    0x080028d0   0x080028d0   0x00000018   Code   RO         5550    i.getSystemClockFlag  main.o
    0x080028e8   0x080028e8   0x000000b0   Code   RO         5551    i.greenLedClkCallBack  main.o
    0x08002998   0x08002998   0x0000006c   Code   RO         5280    i.jmy_log           log.o
    0x08002a04   0x08002a04   0x000000dc   Code   RO         5552    i.main              main.o
    0x08002ae0   0x08002ae0   0x000000ac   Code   RO         5553    i.redLedClkCallBack  main.o
    0x08002b8c   0x08002b8c   0x00000030   Code   RO         5495    i.scanCmd           bsp_button.o
    0x08002bbc   0x08002bbc   0x0000000c   Code   RO         5496    i.setEventListening  bsp_button.o
    0x08002bc8   0x08002bc8   0x0000001c   Code   RO         5554    i.sysClkCallBack    main.o
    0x08002be4   0x08002be4   0x0000002c   Code   RO         5807    locale$$code        c_w.l(lc_numeric_c.o)
    0x08002c10   0x08002c10   0x0000002c   Code   RO         5828    locale$$code        c_w.l(lc_ctype_c.o)
    0x08002c3c   0x08002c3c   0x0000000a   Code   RO         5884    x$fpl$fpinit        fz_wm.l(fpinit.o)
    0x08002c46   0x08002c46   0x00000004   Code   RO         5734    x$fpl$printf1       fz_wm.l(printf1.o)
    0x08002c4a   0x08002c4a   0x00000004   Code   RO         5736    x$fpl$printf2       fz_wm.l(printf2.o)
    0x08002c4e   0x08002c4e   0x00000000   Code   RO         5819    x$fpl$usenofp       fz_wm.l(usenofp.o)
    0x08002c4e   0x08002c4e   0x0000000c   Data   RO         5555    .constdata          main.o
    0x08002c5a   0x08002c5a   0x00000011   Data   RO         5649    .constdata          c_w.l(__printf_flags_ss_wp.o)
    0x08002c6b   0x08002c6b   0x00000001   PAD
    0x08002c6c   0x08002c6c   0x00000008   Data   RO         5682    .constdata          c_w.l(_printf_wctomb.o)
    0x08002c74   0x08002c74   0x00000028   Data   RO         5711    .constdata          c_w.l(_printf_hex_int_ll_ptr.o)
    0x08002c9c   0x08002c9c   0x00000026   Data   RO         5762    .constdata          c_w.l(_printf_fp_hex.o)
    0x08002cc2   0x08002cc2   0x00000002   PAD
    0x08002cc4   0x08002cc4   0x00000094   Data   RO         5782    .constdata          c_w.l(bigflt0.o)
    0x08002d58   0x08002d58   0x0000003a   Data   RO         5282    .conststring        log.o
    0x08002d92   0x08002d92   0x00000002   PAD
    0x08002d94   0x08002d94   0x00000020   Data   RO         5952    Region$$Table       anon$$obj.o
    0x08002db4   0x08002db4   0x0000001c   Data   RO         5806    locale$$data        c_w.l(lc_numeric_c.o)
    0x08002dd0   0x08002dd0   0x00000110   Data   RO         5827    locale$$data        c_w.l(lc_ctype_c.o)


    Execution Region RW_IRAM1 (Exec base: 0x20000000, Load base: 0x08002ee0, Size: 0x000014a0, Max: 0x00030000, ABSOLUTE)

    Exec Addr    Load Addr    Size         Type   Attr      Idx    E Section Name        Object

    0x20000000   0x08002ee0   0x00000014   Data   RW           16    .data               system_stm32f4xx.o
    0x20000014   0x08002ef4   0x00000010   Data   RW         3013    .data               stm32f4xx_rcc.o
    0x20000024   0x08002f04   0x00000014   Data   RW         5283    .data               log.o
    0x20000038   0x08002f18   0x00000068   Data   RW         5361    .data               sys_timer.o
    0x200000a0   0x08002f80   0x00000001   Data   RW         5447    .data               bsp_led.o
    0x200000a1   0x08002f81   0x00000003   PAD
    0x200000a4   0x08002f84   0x00000015   Data   RW         5498    .data               bsp_button.o
    0x200000b9   0x08002f99   0x00000003   PAD
    0x200000bc   0x08002f9c   0x0000001a   Data   RW         5556    .data               main.o
    0x200000d6   0x08002fb6   0x00000002   PAD
    0x200000d8        -       0x00000100   Zero   RW         5281    .bss                log.o
    0x200001d8        -       0x00000048   Zero   RW         5407    .bss                sys_config.o
    0x20000220        -       0x00000010   Zero   RW         5446    .bss                bsp_led.o
    0x20000230        -       0x00000010   Zero   RW         5497    .bss                bsp_button.o
    0x20000240        -       0x00000060   Zero   RW         5823    .bss                c_w.l(libspace.o)
    0x200002a0        -       0x00000200   Zero   RW            2    HEAP                startup_stm32f429_439xx.o
    0x200004a0        -       0x00001000   Zero   RW            1    STACK               startup_stm32f429_439xx.o


==============================================================================

Image component sizes


      Code (inc. data)   RO Data    RW Data    ZI Data      Debug   Object Name

       436         76          0         21         16       5038   bsp_button.o
       334         48          0          1         16       4011   bsp_led.o
       186         18          0          0          0      28590   delay.o
       108         26         58         20        256       2426   log.o
       956        208         12         26          0       7222   main.o
       140         24          0          0          0       1699   misc.o
        64         26        428          0       4608        964   startup_stm32f429_439xx.o
       178          0          0          0          0       3698   stm32f4xx_gpio.o
        26          0          0          0          0       4206   stm32f4xx_it.o
       292         26          0         16          0       4250   stm32f4xx_rcc.o
       214         28          0          0          0       3974   stm32f4xx_tim.o
        90         10          0          0         72       2936   sys_config.o
       488         16          0        104          0       4040   sys_timer.o
       392         32          0         20          0     290201   system_stm32f4xx.o

    ----------------------------------------------------------------------
      3912        538        532        216       4968     363255   Object Totals
         0          0         32          0          0          0   (incl. Generated)
         8          0          2          8          0          0   (incl. Padding)

    ----------------------------------------------------------------------

      Code (inc. data)   RO Data    RW Data    ZI Data      Debug   Library Member Name

        44          6          0          0          0         84   __2sprintf.o
         8          0          0          0          0         68   __main.o
       392          4         17          0          0         92   __printf_flags_ss_wp.o
        14          0          0          0          0         68   __printf_wp.o
         0          0          0          0          0          0   __rtentry.o
        12          0          0          0          0          0   __rtentry2.o
         6          0          0          0          0          0   __rtentry4.o
        52          8          0          0          0          0   __scatter.o
        26          0          0          0          0          0   __scatter_copy.o
        28          0          0          0          0          0   __scatter_zi.o
         6          0          0          0          0          0   _printf_a.o
         6          0          0          0          0          0   _printf_c.o
        44          0          0          0          0        108   _printf_char.o
        48          6          0          0          0         96   _printf_char_common.o
        40          0          0          0          0         68   _printf_charcount.o
         6          0          0          0          0          0   _printf_d.o
       120         16          0          0          0         92   _printf_dec.o
         6          0          0          0          0          0   _printf_e.o
         6          0          0          0          0          0   _printf_f.o
      1054          0          0          0          0        216   _printf_fp_dec.o
       764          8         38          0          0        100   _printf_fp_hex.o
       128         16          0          0          0         84   _printf_fp_infnan.o
         6          0          0          0          0          0   _printf_g.o
       148          4         40          0          0        160   _printf_hex_int_ll_ptr.o
         6          0          0          0          0          0   _printf_i.o
       178          0          0          0          0         88   _printf_intcommon.o
        10          0          0          0          0          0   _printf_l.o
         6          0          0          0          0          0   _printf_lc.o
        10          0          0          0          0          0   _printf_ll.o
         6          0          0          0          0          0   _printf_lld.o
         6          0          0          0          0          0   _printf_lli.o
         6          0          0          0          0          0   _printf_llo.o
         6          0          0          0          0          0   _printf_llu.o
         6          0          0          0          0          0   _printf_llx.o
       124         16          0          0          0         92   _printf_longlong_dec.o
         6          0          0          0          0          0   _printf_ls.o
         6          0          0          0          0          0   _printf_n.o
         6          0          0          0          0          0   _printf_o.o
       112         10          0          0          0        124   _printf_oct_int_ll.o
         6          0          0          0          0          0   _printf_p.o
        78          0          0          0          0        108   _printf_pad.o
         0          0          0          0          0          0   _printf_percent.o
         4          0          0          0          0          0   _printf_percent_end.o
         6          0          0          0          0          0   _printf_s.o
        82          0          0          0          0         80   _printf_str.o
        36          0          0          0          0         84   _printf_truncate.o
         6          0          0          0          0          0   _printf_u.o
        44          0          0          0          0        108   _printf_wchar.o
       188          6          8          0          0         92   _printf_wctomb.o
         6          0          0          0          0          0   _printf_x.o
        16          0          0          0          0         68   _snputc.o
        10          0          0          0          0         68   _sputc.o
        64          0          0          0          0         92   _wcrtomb.o
       228          4        148          0          0         96   bigflt0.o
      1936        128          0          0          0        672   btod.o
        18          0          0          0          0         80   exit.o
         6          0          0          0          0        152   heapauxi.o
         0          0          0          0          0          0   indicate_semi.o
        44         10        272          0          0         76   lc_ctype_c.o
        44         10         28          0          0         76   lc_numeric_c.o
         2          0          0          0          0          0   libinit.o
        34          0          0          0          0          0   libinit2.o
         2          0          0          0          0          0   libshutdown.o
         2          0          0          0          0          0   libshutdown2.o
         8          4          0          0         96         68   libspace.o
       138          0          0          0          0         80   lludiv10.o
        16          4          0          0          0         76   rt_ctype_table.o
         8          4          0          0          0         68   rt_locale_intlibspace.o
        78          0          0          0          0         80   rt_memclr_w.o
         2          0          0          0          0          0   rtexit.o
        10          0          0          0          0          0   rtexit2.o
       128          0          0          0          0         68   strcmpv7m.o
        72          0          0          0          0         80   strcpy.o
        12          4          0          0          0         68   sys_exit.o
        74          0          0          0          0         80   sys_stackheap_outer.o
         2          0          0          0          0         68   use_no_semi.o
        52          4          0          0          0         80   vsnprintf.o
        10          0          0          0          0        116   fpinit.o
         4          0          0          0          0        116   printf1.o
         4          0          0          0          0        116   printf2.o
         0          0          0          0          0          0   usenofp.o
        48          0          0          0          0        124   fpclassify.o

    ----------------------------------------------------------------------
      7002        272        554          0         96       4680   Library Totals
        16          0          3          0          0          0   (incl. Padding)

    ----------------------------------------------------------------------

      Code (inc. data)   RO Data    RW Data    ZI Data      Debug   Library Name

      6920        272        551          0         96       4208   c_w.l
        18          0          0          0          0        348   fz_wm.l
        48          0          0          0          0        124   m_wm.l

    ----------------------------------------------------------------------
      7002        272        554          0         96       4680   Library Totals

    ----------------------------------------------------------------------

==============================================================================


      Code (inc. data)   RO Data    RW Data    ZI Data      Debug   

     10914        810       1086        216       5064     360147   Grand Totals
     10914        810       1086        216       5064     360147   ELF Image Totals
     10914        810       1086        216          0          0   ROM Totals

==============================================================================

    Total RO  Size (Code + RO Data)                12000 (  11.72kB)
    Total RW  Size (RW Data + ZI Data)              5280 (   5.16kB)
    Total ROM Size (Code + RO Data + RW Data)      12216 (  11.93kB)

==============================================================================

